warning: use of deprecated method `soroban_sdk::events::Events::publish`: use the #[contractevent] macro on a contract event type
   --> contracts/market_token/src/lib.rs:164:22
    |
164 |         env.events().publish(
    |                      ^^^^^^^
    |
    = note: `#[warn(deprecated)]` on by default

warning: use of deprecated method `soroban_sdk::events::Events::publish`: use the #[contractevent] macro on a contract event type
   --> contracts/market_token/src/lib.rs:177:22
    |
177 |         env.events().publish((symbol_short!("transfer"),), (from, to, amount));
    |                      ^^^^^^^

warning: use of deprecated method `soroban_sdk::events::Events::publish`: use the #[contractevent] macro on a contract event type
   --> contracts/market_token/src/lib.rs:188:22
    |
188 |         env.events().publish((symbol_short!("xfer_from"),), (spender, from, to, amount));
    |                      ^^^^^^^

warning: use of deprecated method `soroban_sdk::events::Events::publish`: use the #[contractevent] macro on a contract event type
   --> contracts/market_token/src/lib.rs:198:22
    |
198 |         env.events().publish((symbol_short!("burn"),), (from, amount));
    |                      ^^^^^^^

warning: use of deprecated method `soroban_sdk::events::Events::publish`: use the #[contractevent] macro on a contract event type
   --> contracts/market_token/src/lib.rs:209:22
    |
209 |         env.events().publish((symbol_short!("burn_from"),), (spender, from, amount));
    |                      ^^^^^^^

warning: use of deprecated method `soroban_sdk::events::Events::publish`: use the #[contractevent] macro on a contract event type
   --> contracts/market_token/src/lib.rs:223:22
    |
223 |         env.events().publish((symbol_short!("mint"),), (caller, to, amount));
    |                      ^^^^^^^

warning: use of deprecated method `soroban_sdk::events::Events::publish`: use the #[contractevent] macro on a contract event type
   --> contracts/market_token/src/lib.rs:244:14
    |
244 |             .publish((symbol_short!("pool_out"),), (pool_token, receiver, amount));
    |              ^^^^^^^

warning: use of deprecated method `soroban_sdk::events::Events::publish`: use the #[contractevent] macro on a contract event type
   --> contracts/oracle/src/lib.rs:159:22
    |
159 |         env.events().publish(
    |                      ^^^^^^^
    |
    = note: `#[warn(deprecated)]` on by default

warning: `market-token` (lib) generated 7 warnings
warning: `oracle` (lib) generated 1 warning
warning: use of deprecated method `soroban_sdk::events::Events::publish`: use the #[contractevent] macro on a contract event type
   --> libs/decrease_position_utils/src/lib.rs:228:18
    |
228 |     env.events().publish(
    |                  ^^^^^^^
    |
    = note: `#[warn(deprecated)]` on by default

warning: unused import: `TokenPrice`
   --> libs/decrease_position_utils/src/lib.rs:253:48
    |
253 |     use gmx_types::{PositionProps, PriceProps, TokenPrice};
    |                                                ^^^^^^^^^^
    |
    = note: `#[warn(unused_imports)]` (part of `#[warn(unused)]`) on by default

warning: `gmx-decrease-position-utils` (lib) generated 1 warning
warning: `gmx-decrease-position-utils` (lib test) generated 2 warnings (1 duplicate) (run `cargo fix --lib -p gmx-decrease-position-utils --tests` to apply 1 suggestion)
    Finished `test` profile [unoptimized + debuginfo] target(s) in 0.32s
     Running unittests src/lib.rs (target/debug/deps/gmx_decrease_position_utils-2cf253ca12b8bea7)

running 4 tests

thread 'tests::partial_close_position_fee_matches_formula' (1366641) panicked at /Users/rahmanlawal/.cargo/registry/src/index.crates.io-1949cf8c6b5b557f/soroban-env-host-25.0.1/src/host.rs:907:9:
HostError: Error(Contract, #4)

Event log (newest first):
   0: [Diagnostic Event] contract:CAAAAAAAAAAAAAAAAAAAAAAAAAAAAAAAAAAAAAAAAAAAAAAAAAAAFCT4, topics:[error, Error(Contract, #4)], data:"escalating error to panic"
   1: [Diagnostic Event] contract:CAAAAAAAAAAAAAAAAAAAAAAAAAAAAAAAAAAAAAAAAAAAAAAAAAAAFCT4, topics:[error, Error(Contract, #4)], data:["contract call failed", apply_delta_to_u128, [CAAAAAAAAAAAAAAAAAAAAAAAAAAAAAAAAAAAAAAAAAAAAAAAAAAAFCT4, Bytes(e718532125946e8b1cd399907bff755ee42c61999ee90f356a45bc5afe460a17), -500000000000000000000000000000000]]
   2: [Failed Diagnostic Event (not emitted)] contract:CAAAAAAAAAAAAAAAAAAAAAAAAAAAAAAAAAAAAAAAAAAAAAAAAAAAK3IM, topics:[error, Error(Contract, #4)], data:"caught error from function"
   3: [Failed Diagnostic Event (not emitted)] contract:CAAAAAAAAAAAAAAAAAAAAAAAAAAAAAAAAAAAAAAAAAAAAAAAAAAAK3IM, topics:[error, Error(Contract, #4)], data:"escalating error to panic"
   4: [Failed Diagnostic Event (not emitted)] contract:CAAAAAAAAAAAAAAAAAAAAAAAAAAAAAAAAAAAAAAAAAAAAAAAAAAAK3IM, topics:[error, Error(Contract, #4)], data:["failing with contract error", 4]
   5: [Failed Diagnostic Event (not emitted)] contract:CAAAAAAAAAAAAAAAAAAAAAAAAAAAAAAAAAAAAAAAAAAAAAAAAAAAITA4, topics:[fn_return, has_role], data:true
   6: [Failed Diagnostic Event (not emitted)] contract:CAAAAAAAAAAAAAAAAAAAAAAAAAAAAAAAAAAAAAAAAAAAAAAAAAAAK3IM, topics:[fn_call, CAAAAAAAAAAAAAAAAAAAAAAAAAAAAAAAAAAAAAAAAAAAAAAAAAAAITA4, has_role], data:[CAAAAAAAAAAAAAAAAAAAAAAAAAAAAAAAAAAAAAAAAAAAAAAAAAAAFCT4, Bytes(33bf87be601326e21a8a7f573f265a6b8ab0174b8c8ec58239c8e524e4587b6a)]
   7: [Diagnostic Event] contract:CAAAAAAAAAAAAAAAAAAAAAAAAAAAAAAAAAAAAAAAAAAAAAAAAAAAFCT4, topics:[fn_call, CAAAAAAAAAAAAAAAAAAAAAAAAAAAAAAAAAAAAAAAAAAAAAAAAAAAK3IM, apply_delta_to_u128], data:[CAAAAAAAAAAAAAAAAAAAAAAAAAAAAAAAAAAAAAAAAAAAAAAAAAAAFCT4, Bytes(e718532125946e8b1cd399907bff755ee42c61999ee90f356a45bc5afe460a17), -500000000000000000000000000000000]
   8: [Diagnostic Event] contract:CAAAAAAAAAAAAAAAAAAAAAAAAAAAAAAAAAAAAAAAAAAAAAAAAAAAK3IM, topics:[fn_return, get_i128], data:0
   9: [Diagnostic Event] contract:CAAAAAAAAAAAAAAAAAAAAAAAAAAAAAAAAAAAAAAAAAAAAAAAAAAAFCT4, topics:[fn_call, CAAAAAAAAAAAAAAAAAAAAAAAAAAAAAAAAAAAAAAAAAAAAAAAAAAAK3IM, get_i128], data:Bytes(31ff3a91ffb6505aadf5f208318e32abdee9c611fc6d08a43b7c11a71f508707)
   10: [Diagnostic Event] contract:CAAAAAAAAAAAAAAAAAAAAAAAAAAAAAAAAAAAAAAAAAAAAAAAAAAAK3IM, topics:[fn_return, get_u128], data:0
   11: [Diagnostic Event] contract:CAAAAAAAAAAAAAAAAAAAAAAAAAAAAAAAAAAAAAAAAAAAAAAAAAAAFCT4, topics:[fn_call, CAAAAAAAAAAAAAAAAAAAAAAAAAAAAAAAAAAAAAAAAAAAAAAAAAAAK3IM, get_u128], data:Bytes(ffe9923ee3d9dd2f01642ba9ba5ac92ffba66c19847a52443adcb7d377a691c8)
   12: [Diagnostic Event] contract:CAAAAAAAAAAAAAAAAAAAAAAAAAAAAAAAAAAAAAAAAAAAAAAAAAAAK3IM, topics:[fn_return, apply_delta_to_u128], data:100000002500
   13: [Diagnostic Event] contract:CAAAAAAAAAAAAAAAAAAAAAAAAAAAAAAAAAAAAAAAAAAAAAAAAAAAITA4, topics:[fn_return, has_role], data:true
   14: [Diagnostic Event] contract:CAAAAAAAAAAAAAAAAAAAAAAAAAAAAAAAAAAAAAAAAAAAAAAAAAAAK3IM, topics:[fn_call, CAAAAAAAAAAAAAAAAAAAAAAAAAAAAAAAAAAAAAAAAAAAAAAAAAAAITA4, has_role], data:[CAAAAAAAAAAAAAAAAAAAAAAAAAAAAAAAAAAAAAAAAAAAAAAAAAAAFCT4, Bytes(33bf87be601326e21a8a7f573f265a6b8ab0174b8c8ec58239c8e524e4587b6a)]
   15: [Diagnostic Event] contract:CAAAAAAAAAAAAAAAAAAAAAAAAAAAAAAAAAAAAAAAAAAAAAAAAAAAFCT4, topics:[fn_call, CAAAAAAAAAAAAAAAAAAAAAAAAAAAAAAAAAAAAAAAAAAAAAAAAAAAK3IM, apply_delta_to_u128], data:[CAAAAAAAAAAAAAAAAAAAAAAAAAAAAAAAAAAAAAAAAAAAAAAAAAAAFCT4, Bytes(3ff13a44d6b4851553feb395f144768d6a0009334ba30f51f714bd2a0c9ec523), 2500]
   16: [Diagnostic Event] contract:CAAAAAAAAAAAAAAAAAAAAAAAAAAAAAAAAAAAAAAAAAAAAAAAAAAAK3IM, topics:[fn_return, get_u128], data:1000000000000000000000000000
   17: [Diagnostic Event] contract:CAAAAAAAAAAAAAAAAAAAAAAAAAAAAAAAAAAAAAAAAAAAAAAAAAAAFCT4, topics:[fn_call, CAAAAAAAAAAAAAAAAAAAAAAAAAAAAAAAAAAAAAAAAAAAAAAAAAAAK3IM, get_u128], data:Bytes(7edfb46289d9b1804d012ffdf1566545b9aaf37c0f4d9e5ca582fd609109339d)
   18: [Diagnostic Event] contract:CAAAAAAAAAAAAAAAAAAAAAAAAAAAAAAAAAAAAAAAAAAAAAAAAAAAK3IM, topics:[fn_return, get_i128], data:0
   19: [Diagnostic Event] contract:CAAAAAAAAAAAAAAAAAAAAAAAAAAAAAAAAAAAAAAAAAAAAAAAAAAAFCT4, topics:[fn_call, CAAAAAAAAAAAAAAAAAAAAAAAAAAAAAAAAAAAAAAAAAAAAAAAAAAAK3IM, get_i128], data:Bytes(31ff3a91ffb6505aadf5f208318e32abdee9c611fc6d08a43b7c11a71f508707)
   20: [Diagnostic Event] contract:CAAAAAAAAAAAAAAAAAAAAAAAAAAAAAAAAAAAAAAAAAAAAAAAAAAAK3IM, topics:[fn_return, get_u128], data:0
   21: [Diagnostic Event] contract:CAAAAAAAAAAAAAAAAAAAAAAAAAAAAAAAAAAAAAAAAAAAAAAAAAAAFCT4, topics:[fn_call, CAAAAAAAAAAAAAAAAAAAAAAAAAAAAAAAAAAAAAAAAAAAAAAAAAAAK3IM, get_u128], data:Bytes(ffe9923ee3d9dd2f01642ba9ba5ac92ffba66c19847a52443adcb7d377a691c8)
   22: [Diagnostic Event] contract:CAAAAAAAAAAAAAAAAAAAAAAAAAAAAAAAAAAAAAAAAAAAAAAAAAAAK3IM, topics:[fn_return, get_u128], data:0
   23: [Diagnostic Event] contract:CAAAAAAAAAAAAAAAAAAAAAAAAAAAAAAAAAAAAAAAAAAAAAAAAAAAFCT4, topics:[fn_call, CAAAAAAAAAAAAAAAAAAAAAAAAAAAAAAAAAAAAAAAAAAAAAAAAAAAK3IM, get_u128], data:Bytes(b6a6ff184f0c97989a140dfbdc350c9ca471251416a7eaaef3403efee8807d83)
   24: [Diagnostic Event] contract:CAAAAAAAAAAAAAAAAAAAAAAAAAAAAAAAAAAAAAAAAAAAAAAAAAAAK3IM, topics:[fn_return, get_u128], data:0
   25: [Diagnostic Event] contract:CAAAAAAAAAAAAAAAAAAAAAAAAAAAAAAAAAAAAAAAAAAAAAAAAAAAFCT4, topics:[fn_call, CAAAAAAAAAAAAAAAAAAAAAAAAAAAAAAAAAAAAAAAAAAAAAAAAAAAK3IM, get_u128], data:Bytes(cec94e01c234c033dad0d95feac2161a9652faf3901c78a03ca0b638e35a9372)
   26: [Diagnostic Event] contract:CAAAAAAAAAAAAAAAAAAAAAAAAAAAAAAAAAAAAAAAAAAAAAAAAAAAK3IM, topics:[fn_return, get_u128], data:0
   27: [Diagnostic Event] contract:CAAAAAAAAAAAAAAAAAAAAAAAAAAAAAAAAAAAAAAAAAAAAAAAAAAAFCT4, topics:[fn_call, CAAAAAAAAAAAAAAAAAAAAAAAAAAAAAAAAAAAAAAAAAAAAAAAAAAAK3IM, get_u128], data:Bytes(f8e6823cb8892ec6f8828185446e17086598c32a47d5f128dbff081481990cc1)
   28: [Diagnostic Event] contract:CAAAAAAAAAAAAAAAAAAAAAAAAAAAAAAAAAAAAAAAAAAAAAAAAAAAK3IM, topics:[fn_return, get_u128], data:0
   29: [Diagnostic Event] contract:CAAAAAAAAAAAAAAAAAAAAAAAAAAAAAAAAAAAAAAAAAAAAAAAAAAAFCT4, topics:[fn_call, CAAAAAAAAAAAAAAAAAAAAAAAAAAAAAAAAAAAAAAAAAAAAAAAAAAAK3IM, get_u128], data:Bytes(57495ba1e687360f98582f7cd3ab3d0f58f9382d85f041ed16e7514b09cd01a6)
   30: [Diagnostic Event] contract:CAAAAAAAAAAAAAAAAAAAAAAAAAAAAAAAAAAAAAAAAAAAAAAAAAAAK3IM, topics:[fn_return, get_u128], data:0
   31: [Diagnostic Event] contract:CAAAAAAAAAAAAAAAAAAAAAAAAAAAAAAAAAAAAAAAAAAAAAAAAAAAFCT4, topics:[fn_call, CAAAAAAAAAAAAAAAAAAAAAAAAAAAAAAAAAAAAAAAAAAAAAAAAAAAK3IM, get_u128], data:Bytes(4e9e7ff03a33538f61e2b9f09efd20a10a25014f4ab27b52e1a8b00088a9ec9f)
   32: [Diagnostic Event] contract:CAAAAAAAAAAAAAAAAAAAAAAAAAAAAAAAAAAAAAAAAAAAAAAAAAAAK3IM, topics:[fn_return, get_u128], data:0
   33: [Diagnostic Event] contract:CAAAAAAAAAAAAAAAAAAAAAAAAAAAAAAAAAAAAAAAAAAAAAAAAAAAFCT4, topics:[fn_call, CAAAAAAAAAAAAAAAAAAAAAAAAAAAAAAAAAAAAAAAAAAAAAAAAAAAK3IM, get_u128], data:Bytes(33eeae0deb52791edbebb0453f8f7bf64896d5d9a0469d3b09c91cde7ce9d8c7)
   34: [Diagnostic Event] contract:CAAAAAAAAAAAAAAAAAAAAAAAAAAAAAAAAAAAAAAAAAAAAAAAAAAAK3IM, topics:[fn_return, get_u128], data:0
   35: [Diagnostic Event] contract:CAAAAAAAAAAAAAAAAAAAAAAAAAAAAAAAAAAAAAAAAAAAAAAAAAAAFCT4, topics:[fn_call, CAAAAAAAAAAAAAAAAAAAAAAAAAAAAAAAAAAAAAAAAAAAAAAAAAAAK3IM, get_u128], data:Bytes(7b56381209255afca5ff30427b0070917a38e66dde30937011874b36436aa500)
   36: [Diagnostic Event] contract:CAAAAAAAAAAAAAAAAAAAAAAAAAAAAAAAAAAAAAAAAAAAAAAAAAAAK3IM, topics:[fn_return, get_u128], data:0
   37: [Diagnostic Event] contract:CAAAAAAAAAAAAAAAAAAAAAAAAAAAAAAAAAAAAAAAAAAAAAAAAAAAFCT4, topics:[fn_call, CAAAAAAAAAAAAAAAAAAAAAAAAAAAAAAAAAAAAAAAAAAAAAAAAAAAK3IM, get_u128], data:Bytes(e718532125946e8b1cd399907bff755ee42c61999ee90f356a45bc5afe460a17)
   38: [Diagnostic Event] contract:CAAAAAAAAAAAAAAAAAAAAAAAAAAAAAAAAAAAAAAAAAAAAAAAAAAAK3IM, topics:[fn_return, get_i128], data:0
   39: [Diagnostic Event] contract:CAAAAAAAAAAAAAAAAAAAAAAAAAAAAAAAAAAAAAAAAAAAAAAAAAAAFCT4, topics:[fn_call, CAAAAAAAAAAAAAAAAAAAAAAAAAAAAAAAAAAAAAAAAAAAAAAAAAAAK3IM, get_i128], data:Bytes(31ff3a91ffb6505aadf5f208318e32abdee9c611fc6d08a43b7c11a71f508707)
   40: [Diagnostic Event] contract:CAAAAAAAAAAAAAAAAAAAAAAAAAAAAAAAAAAAAAAAAAAAAAAAAAAAK3IM, topics:[fn_return, get_i128], data:0
   41: [Diagnostic Event] contract:CAAAAAAAAAAAAAAAAAAAAAAAAAAAAAAAAAAAAAAAAAAAAAAAAAAAFCT4, topics:[fn_call, CAAAAAAAAAAAAAAAAAAAAAAAAAAAAAAAAAAAAAAAAAAAAAAAAAAAK3IM, get_i128], data:Bytes(2205da54dfd0060bbcd1227da0b1803d1f182879cdaef446dc3c2707b0274010)
   42: [Diagnostic Event] contract:CAAAAAAAAAAAAAAAAAAAAAAAAAAAAAAAAAAAAAAAAAAAAAAAAAAAK3IM, topics:[fn_return, get_i128], data:0
   43: [Diagnostic Event] contract:CAAAAAAAAAAAAAAAAAAAAAAAAAAAAAAAAAAAAAAAAAAAAAAAAAAAFCT4, topics:[fn_call, CAAAAAAAAAAAAAAAAAAAAAAAAAAAAAAAAAAAAAAAAAAAAAAAAAAAK3IM, get_i128], data:Bytes(31ff3a91ffb6505aadf5f208318e32abdee9c611fc6d08a43b7c11a71f508707)
   44: [Diagnostic Event] contract:CAAAAAAAAAAAAAAAAAAAAAAAAAAAAAAAAAAAAAAAAAAAAAAAAAAAK3IM, topics:[fn_return, get_i128], data:0
   45: [Diagnostic Event] contract:CAAAAAAAAAAAAAAAAAAAAAAAAAAAAAAAAAAAAAAAAAAAAAAAAAAAFCT4, topics:[fn_call, CAAAAAAAAAAAAAAAAAAAAAAAAAAAAAAAAAAAAAAAAAAAAAAAAAAAK3IM, get_i128], data:Bytes(2205da54dfd0060bbcd1227da0b1803d1f182879cdaef446dc3c2707b0274010)
   46: [Diagnostic Event] contract:CAAAAAAAAAAAAAAAAAAAAAAAAAAAAAAAAAAAAAAAAAAAAAAAAAAAK3IM, topics:[fn_return, get_i128], data:0
   47: [Diagnostic Event] contract:CAAAAAAAAAAAAAAAAAAAAAAAAAAAAAAAAAAAAAAAAAAAAAAAAAAAFCT4, topics:[fn_call, CAAAAAAAAAAAAAAAAAAAAAAAAAAAAAAAAAAAAAAAAAAAAAAAAAAAK3IM, get_i128], data:Bytes(31ff3a91ffb6505aadf5f208318e32abdee9c611fc6d08a43b7c11a71f508707)
   48: [Diagnostic Event] contract:CAAAAAAAAAAAAAAAAAAAAAAAAAAAAAAAAAAAAAAAAAAAAAAAAAAAK3IM, topics:[fn_return, set_u128], data:2000
   49: [Diagnostic Event] contract:CAAAAAAAAAAAAAAAAAAAAAAAAAAAAAAAAAAAAAAAAAAAAAAAAAAAITA4, topics:[fn_return, has_role], data:true
   50: [Diagnostic Event] contract:CAAAAAAAAAAAAAAAAAAAAAAAAAAAAAAAAAAAAAAAAAAAAAAAAAAAK3IM, topics:[fn_call, CAAAAAAAAAAAAAAAAAAAAAAAAAAAAAAAAAAAAAAAAAAAAAAAAAAAITA4, has_role], data:[CAAAAAAAAAAAAAAAAAAAAAAAAAAAAAAAAAAAAAAAAAAAAAAAAAAAFCT4, Bytes(33bf87be601326e21a8a7f573f265a6b8ab0174b8c8ec58239c8e524e4587b6a)]
   51: [Diagnostic Event] contract:CAAAAAAAAAAAAAAAAAAAAAAAAAAAAAAAAAAAAAAAAAAAAAAAAAAAFCT4, topics:[fn_call, CAAAAAAAAAAAAAAAAAAAAAAAAAAAAAAAAAAAAAAAAAAAAAAAAAAAK3IM, set_u128], data:[CAAAAAAAAAAAAAAAAAAAAAAAAAAAAAAAAAAAAAAAAAAAAAAAAAAAFCT4, Bytes(2f5911f5b750ad072dccf0e07b697e17fc7bde47b21d44f8c81e49b7b5243df4), 2000]
   52: [Diagnostic Event] contract:CAAAAAAAAAAAAAAAAAAAAAAAAAAAAAAAAAAAAAAAAAAAAAAAAAAAK3IM, topics:[fn_return, apply_delta_to_u128], data:0
   53: [Diagnostic Event] contract:CAAAAAAAAAAAAAAAAAAAAAAAAAAAAAAAAAAAAAAAAAAAAAAAAAAAITA4, topics:[fn_return, has_role], data:true
   54: [Diagnostic Event] contract:CAAAAAAAAAAAAAAAAAAAAAAAAAAAAAAAAAAAAAAAAAAAAAAAAAAAK3IM, topics:[fn_call, CAAAAAAAAAAAAAAAAAAAAAAAAAAAAAAAAAAAAAAAAAAAAAAAAAAAITA4, has_role], data:[CAAAAAAAAAAAAAAAAAAAAAAAAAAAAAAAAAAAAAAAAAAAAAAAAAAAFCT4, Bytes(33bf87be601326e21a8a7f573f265a6b8ab0174b8c8ec58239c8e524e4587b6a)]
   55: [Diagnostic Event] contract:CAAAAAAAAAAAAAAAAAAAAAAAAAAAAAAAAAAAAAAAAAAAAAAAAAAAFCT4, topics:[fn_call, CAAAAAAAAAAAAAAAAAAAAAAAAAAAAAAAAAAAAAAAAAAAAAAAAAAAK3IM, apply_delta_to_u128], data:[CAAAAAAAAAAAAAAAAAAAAAAAAAAAAAAAAAAAAAAAAAAAAAAAAAAAFCT4, Bytes(ffe9923ee3d9dd2f01642ba9ba5ac92ffba66c19847a52443adcb7d377a691c8), 0]
   56: [Diagnostic Event] contract:CAAAAAAAAAAAAAAAAAAAAAAAAAAAAAAAAAAAAAAAAAAAAAAAAAAAK3IM, topics:[fn_return, get_u128], data:0
   57: [Diagnostic Event] contract:CAAAAAAAAAAAAAAAAAAAAAAAAAAAAAAAAAAAAAAAAAAAAAAAAAAAFCT4, topics:[fn_call, CAAAAAAAAAAAAAAAAAAAAAAAAAAAAAAAAAAAAAAAAAAAAAAAAAAAK3IM, get_u128], data:Bytes(dd0e80b430c86f70f105cbec743f3ee3f73ffaf9d9c28f2b57da8cd7db627166)
   58: [Diagnostic Event] contract:CAAAAAAAAAAAAAAAAAAAAAAAAAAAAAAAAAAAAAAAAAAAAAAAAAAAK3IM, topics:[fn_return, get_u128], data:0
   59: [Diagnostic Event] contract:CAAAAAAAAAAAAAAAAAAAAAAAAAAAAAAAAAAAAAAAAAAAAAAAAAAAFCT4, topics:[fn_call, CAAAAAAAAAAAAAAAAAAAAAAAAAAAAAAAAAAAAAAAAAAAAAAAAAAAK3IM, get_u128], data:Bytes(b270ee4b4667c55852146a488cebb72ae8d8fd41785b5f48d3cb91970421b699)
   60: [Diagnostic Event] contract:CAAAAAAAAAAAAAAAAAAAAAAAAAAAAAAAAAAAAAAAAAAAAAAAAAAAK3IM, topics:[fn_return, get_u128], data:0
   61: [Diagnostic Event] contract:CAAAAAAAAAAAAAAAAAAAAAAAAAAAAAAAAAAAAAAAAAAAAAAAAAAAFCT4, topics:[fn_call, CAAAAAAAAAAAAAAAAAAAAAAAAAAAAAAAAAAAAAAAAAAAAAAAAAAAK3IM, get_u128], data:Bytes(7b56381209255afca5ff30427b0070917a38e66dde30937011874b36436aa500)
   62: [Diagnostic Event] contract:CAAAAAAAAAAAAAAAAAAAAAAAAAAAAAAAAAAAAAAAAAAAAAAAAAAAK3IM, topics:[fn_return, get_u128], data:0
   63: [Diagnostic Event] contract:CAAAAAAAAAAAAAAAAAAAAAAAAAAAAAAAAAAAAAAAAAAAAAAAAAAAFCT4, topics:[fn_call, CAAAAAAAAAAAAAAAAAAAAAAAAAAAAAAAAAAAAAAAAAAAAAAAAAAAK3IM, get_u128], data:Bytes(e718532125946e8b1cd399907bff755ee42c61999ee90f356a45bc5afe460a17)
   64: [Diagnostic Event] contract:CAAAAAAAAAAAAAAAAAAAAAAAAAAAAAAAAAAAAAAAAAAAAAAAAAAAK3IM, topics:[fn_return, get_u128], data:100000000000
   65: [Diagnostic Event] contract:CAAAAAAAAAAAAAAAAAAAAAAAAAAAAAAAAAAAAAAAAAAAAAAAAAAAFCT4, topics:[fn_call, CAAAAAAAAAAAAAAAAAAAAAAAAAAAAAAAAAAAAAAAAAAAAAAAAAAAK3IM, get_u128], data:Bytes(3ff13a44d6b4851553feb395f144768d6a0009334ba30f51f714bd2a0c9ec523)
   66: [Diagnostic Event] contract:CAAAAAAAAAAAAAAAAAAAAAAAAAAAAAAAAAAAAAAAAAAAAAAAAAAAK3IM, topics:[fn_return, get_u128], data:0
   67: [Diagnostic Event] contract:CAAAAAAAAAAAAAAAAAAAAAAAAAAAAAAAAAAAAAAAAAAAAAAAAAAAFCT4, topics:[fn_call, CAAAAAAAAAAAAAAAAAAAAAAAAAAAAAAAAAAAAAAAAAAAAAAAAAAAK3IM, get_u128], data:Bytes(2f5911f5b750ad072dccf0e07b697e17fc7bde47b21d44f8c81e49b7b5243df4)
   68: [Diagnostic Event] contract:CAAAAAAAAAAAAAAAAAAAAAAAAAAAAAAAAAAAAAAAAAAAAAAAAAAAK3IM, topics:[fn_return, apply_delta_to_i128], data:0
   69: [Diagnostic Event] contract:CAAAAAAAAAAAAAAAAAAAAAAAAAAAAAAAAAAAAAAAAAAAAAAAAAAAITA4, topics:[fn_return, has_role], data:true
   70: [Diagnostic Event] contract:CAAAAAAAAAAAAAAAAAAAAAAAAAAAAAAAAAAAAAAAAAAAAAAAAAAAK3IM, topics:[fn_call, CAAAAAAAAAAAAAAAAAAAAAAAAAAAAAAAAAAAAAAAAAAAAAAAAAAAITA4, has_role], data:[CAAAAAAAAAAAAAAAAAAAAAAAAAAAAAAAAAAAAAAAAAAAAAAAAAAAFCT4, Bytes(33bf87be601326e21a8a7f573f265a6b8ab0174b8c8ec58239c8e524e4587b6a)]
   71: [Diagnostic Event] contract:CAAAAAAAAAAAAAAAAAAAAAAAAAAAAAAAAAAAAAAAAAAAAAAAAAAAFCT4, topics:[fn_call, CAAAAAAAAAAAAAAAAAAAAAAAAAAAAAAAAAAAAAAAAAAAAAAAAAAAK3IM, apply_delta_to_i128], data:[CAAAAAAAAAAAAAAAAAAAAAAAAAAAAAAAAAAAAAAAAAAAAAAAAAAAFCT4, Bytes(8fbeddf8f6522db5012ca30db3905fa3e138e6b3d81053b0f5c2f31daad1b196), 0]
   72: [Diagnostic Event] contract:CAAAAAAAAAAAAAAAAAAAAAAAAAAAAAAAAAAAAAAAAAAAAAAAAAAAK3IM, topics:[fn_return, apply_delta_to_i128], data:0
   73: [Diagnostic Event] contract:CAAAAAAAAAAAAAAAAAAAAAAAAAAAAAAAAAAAAAAAAAAAAAAAAAAAITA4, topics:[fn_return, has_role], data:true
   74: [Diagnostic Event] contract:CAAAAAAAAAAAAAAAAAAAAAAAAAAAAAAAAAAAAAAAAAAAAAAAAAAAK3IM, topics:[fn_call, CAAAAAAAAAAAAAAAAAAAAAAAAAAAAAAAAAAAAAAAAAAAAAAAAAAAITA4, has_role], data:[CAAAAAAAAAAAAAAAAAAAAAAAAAAAAAAAAAAAAAAAAAAAAAAAAAAAFCT4, Bytes(33bf87be601326e21a8a7f573f265a6b8ab0174b8c8ec58239c8e524e4587b6a)]
   75: [Diagnostic Event] contract:CAAAAAAAAAAAAAAAAAAAAAAAAAAAAAAAAAAAAAAAAAAAAAAAAAAAFCT4, topics:[fn_call, CAAAAAAAAAAAAAAAAAAAAAAAAAAAAAAAAAAAAAAAAAAAAAAAAAAAK3IM, apply_delta_to_i128], data:[CAAAAAAAAAAAAAAAAAAAAAAAAAAAAAAAAAAAAAAAAAAAAAAAAAAAFCT4, Bytes(31ff3a91ffb6505aadf5f208318e32abdee9c611fc6d08a43b7c11a71f508707), 0]
   76: [Diagnostic Event] contract:CAAAAAAAAAAAAAAAAAAAAAAAAAAAAAAAAAAAAAAAAAAAAAAAAAAAK3IM, topics:[fn_return, get_u128], data:0
   77: [Diagnostic Event] contract:CAAAAAAAAAAAAAAAAAAAAAAAAAAAAAAAAAAAAAAAAAAAAAAAAAAAFCT4, topics:[fn_call, CAAAAAAAAAAAAAAAAAAAAAAAAAAAAAAAAAAAAAAAAAAAAAAAAAAAK3IM, get_u128], data:Bytes(4e9e7ff03a33538f61e2b9f09efd20a10a25014f4ab27b52e1a8b00088a9ec9f)
   78: [Diagnostic Event] contract:CAAAAAAAAAAAAAAAAAAAAAAAAAAAAAAAAAAAAAAAAAAAAAAAAAAAK3IM, topics:[fn_return, get_u128], data:0
   79: [Diagnostic Event] contract:CAAAAAAAAAAAAAAAAAAAAAAAAAAAAAAAAAAAAAAAAAAAAAAAAAAAFCT4, topics:[fn_call, CAAAAAAAAAAAAAAAAAAAAAAAAAAAAAAAAAAAAAAAAAAAAAAAAAAAK3IM, get_u128], data:Bytes(33eeae0deb52791edbebb0453f8f7bf64896d5d9a0469d3b09c91cde7ce9d8c7)
   80: [Diagnostic Event] contract:CAAAAAAAAAAAAAAAAAAAAAAAAAAAAAAAAAAAAAAAAAAAAAAAAAAAK3IM, topics:[fn_return, get_u128], data:0
   81: [Diagnostic Event] contract:CAAAAAAAAAAAAAAAAAAAAAAAAAAAAAAAAAAAAAAAAAAAAAAAAAAAFCT4, topics:[fn_call, CAAAAAAAAAAAAAAAAAAAAAAAAAAAAAAAAAAAAAAAAAAAAAAAAAAAK3IM, get_u128], data:Bytes(7b56381209255afca5ff30427b0070917a38e66dde30937011874b36436aa500)
   82: [Diagnostic Event] contract:CAAAAAAAAAAAAAAAAAAAAAAAAAAAAAAAAAAAAAAAAAAAAAAAAAAAK3IM, topics:[fn_return, get_u128], data:0
   83: [Diagnostic Event] contract:CAAAAAAAAAAAAAAAAAAAAAAAAAAAAAAAAAAAAAAAAAAAAAAAAAAAFCT4, topics:[fn_call, CAAAAAAAAAAAAAAAAAAAAAAAAAAAAAAAAAAAAAAAAAAAAAAAAAAAK3IM, get_u128], data:Bytes(e718532125946e8b1cd399907bff755ee42c61999ee90f356a45bc5afe460a17)
   84: [Diagnostic Event] contract:CAAAAAAAAAAAAAAAAAAAAAAAAAAAAAAAAAAAAAAAAAAAAAAAAAAAK3IM, topics:[fn_return, set_u128], data:2000
   85: [Diagnostic Event] contract:CAAAAAAAAAAAAAAAAAAAAAAAAAAAAAAAAAAAAAAAAAAAAAAAAAAAITA4, topics:[fn_return, has_role], data:true
   86: [Diagnostic Event] contract:CAAAAAAAAAAAAAAAAAAAAAAAAAAAAAAAAAAAAAAAAAAAAAAAAAAAK3IM, topics:[fn_call, CAAAAAAAAAAAAAAAAAAAAAAAAAAAAAAAAAAAAAAAAAAAAAAAAAAAITA4, has_role], data:[CAAAAAAAAAAAAAAAAAAAAAAAAAAAAAAAAAAAAAAAAAAAAAAAAAAAFCT4, Bytes(33bf87be601326e21a8a7f573f265a6b8ab0174b8c8ec58239c8e524e4587b6a)]
   87: [Diagnostic Event] contract:CAAAAAAAAAAAAAAAAAAAAAAAAAAAAAAAAAAAAAAAAAAAAAAAAAAAFCT4, topics:[fn_call, CAAAAAAAAAAAAAAAAAAAAAAAAAAAAAAAAAAAAAAAAAAAAAAAAAAAK3IM, set_u128], data:[CAAAAAAAAAAAAAAAAAAAAAAAAAAAAAAAAAAAAAAAAAAAAAAAAAAAFCT4, Bytes(99a6b0e2741ebb3f2240332c3c0a39b9a61a6cf7e33bbd3a001a71cb25f62001), 2000]
   88: [Diagnostic Event] contract:CAAAAAAAAAAAAAAAAAAAAAAAAAAAAAAAAAAAAAAAAAAAAAAAAAAAK3IM, topics:[fn_return, set_i128], data:0
   89: [Diagnostic Event] contract:CAAAAAAAAAAAAAAAAAAAAAAAAAAAAAAAAAAAAAAAAAAAAAAAAAAAITA4, topics:[fn_return, has_role], data:true
   90: [Diagnostic Event] contract:CAAAAAAAAAAAAAAAAAAAAAAAAAAAAAAAAAAAAAAAAAAAAAAAAAAAK3IM, topics:[fn_call, CAAAAAAAAAAAAAAAAAAAAAAAAAAAAAAAAAAAAAAAAAAAAAAAAAAAITA4, has_role], data:[CAAAAAAAAAAAAAAAAAAAAAAAAAAAAAAAAAAAAAAAAAAAAAAAAAAAFCT4, Bytes(33bf87be601326e21a8a7f573f265a6b8ab0174b8c8ec58239c8e524e4587b6a)]
   91: [Diagnostic Event] contract:CAAAAAAAAAAAAAAAAAAAAAAAAAAAAAAAAAAAAAAAAAAAAAAAAAAAFCT4, topics:[fn_call, CAAAAAAAAAAAAAAAAAAAAAAAAAAAAAAAAAAAAAAAAAAAAAAAAAAAK3IM, set_i128], data:[CAAAAAAAAAAAAAAAAAAAAAAAAAAAAAAAAAAAAAAAAAAAAAAAAAAAFCT4, Bytes(c9d14d2d146e0db1f92d9c6be60148ac8565db03fb8a987bf916a95d87a06207), 0]
   92: [Diagnostic Event] contract:CAAAAAAAAAAAAAAAAAAAAAAAAAAAAAAAAAAAAAAAAAAAAAAAAAAAK3IM, topics:[fn_return, get_u128], data:0
   93: [Diagnostic Event] contract:CAAAAAAAAAAAAAAAAAAAAAAAAAAAAAAAAAAAAAAAAAAAAAAAAAAAFCT4, topics:[fn_call, CAAAAAAAAAAAAAAAAAAAAAAAAAAAAAAAAAAAAAAAAAAAAAAAAAAAK3IM, get_u128], data:Bytes(4e9e7ff03a33538f61e2b9f09efd20a10a25014f4ab27b52e1a8b00088a9ec9f)
   94: [Diagnostic Event] contract:CAAAAAAAAAAAAAAAAAAAAAAAAAAAAAAAAAAAAAAAAAAAAAAAAAAAK3IM, topics:[fn_return, get_u128], data:0
   95: [Diagnostic Event] contract:CAAAAAAAAAAAAAAAAAAAAAAAAAAAAAAAAAAAAAAAAAAAAAAAAAAAFCT4, topics:[fn_call, CAAAAAAAAAAAAAAAAAAAAAAAAAAAAAAAAAAAAAAAAAAAAAAAAAAAK3IM, get_u128], data:Bytes(33eeae0deb52791edbebb0453f8f7bf64896d5d9a0469d3b09c91cde7ce9d8c7)
   96: [Diagnostic Event] contract:CAAAAAAAAAAAAAAAAAAAAAAAAAAAAAAAAAAAAAAAAAAAAAAAAAAAK3IM, topics:[fn_return, get_u128], data:0
   97: [Diagnostic Event] contract:CAAAAAAAAAAAAAAAAAAAAAAAAAAAAAAAAAAAAAAAAAAAAAAAAAAAFCT4, topics:[fn_call, CAAAAAAAAAAAAAAAAAAAAAAAAAAAAAAAAAAAAAAAAAAAAAAAAAAAK3IM, get_u128], data:Bytes(7b56381209255afca5ff30427b0070917a38e66dde30937011874b36436aa500)
   98: [Diagnostic Event] contract:CAAAAAAAAAAAAAAAAAAAAAAAAAAAAAAAAAAAAAAAAAAAAAAAAAAAK3IM, topics:[fn_return, get_u128], data:0
   99: [Diagnostic Event] contract:CAAAAAAAAAAAAAAAAAAAAAAAAAAAAAAAAAAAAAAAAAAAAAAAAAAAFCT4, topics:[fn_call, CAAAAAAAAAAAAAAAAAAAAAAAAAAAAAAAAAAAAAAAAAAAAAAAAAAAK3IM, get_u128], data:Bytes(e718532125946e8b1cd399907bff755ee42c61999ee90f356a45bc5afe460a17)
   100: [Diagnostic Event] contract:CAAAAAAAAAAAAAAAAAAAAAAAAAAAAAAAAAAAAAAAAAAAAAAAAAAAK3IM, topics:[fn_return, get_i128], data:0
   101: [Diagnostic Event] contract:CAAAAAAAAAAAAAAAAAAAAAAAAAAAAAAAAAAAAAAAAAAAAAAAAAAAFCT4, topics:[fn_call, CAAAAAAAAAAAAAAAAAAAAAAAAAAAAAAAAAAAAAAAAAAAAAAAAAAAK3IM, get_i128], data:Bytes(c9d14d2d146e0db1f92d9c6be60148ac8565db03fb8a987bf916a95d87a06207)
   102: [Diagnostic Event] contract:CAAAAAAAAAAAAAAAAAAAAAAAAAAAAAAAAAAAAAAAAAAAAAAAAAAAK3IM, topics:[fn_return, get_u128], data:0
   103: [Diagnostic Event] contract:CAAAAAAAAAAAAAAAAAAAAAAAAAAAAAAAAAAAAAAAAAAAAAAAAAAAFCT4, topics:[fn_call, CAAAAAAAAAAAAAAAAAAAAAAAAAAAAAAAAAAAAAAAAAAAAAAAAAAAK3IM, get_u128], data:Bytes(99a6b0e2741ebb3f2240332c3c0a39b9a61a6cf7e33bbd3a001a71cb25f62001)

note: run with `RUST_BACKTRACE=1` environment variable to display a backtrace

thread 'tests::output_clamped_to_zero_on_loss_exceeding_collateral' (1366640) panicked at /Users/rahmanlawal/.cargo/registry/src/index.crates.io-1949cf8c6b5b557f/soroban-env-host-25.0.1/src/host.rs:907:9:
HostError: Error(Contract, #4)

Event log (newest first):
   0: [Diagnostic Event] contract:CAAAAAAAAAAAAAAAAAAAAAAAAAAAAAAAAAAAAAAAAAAAAAAAAAAAFCT4, topics:[error, Error(Contract, #4)], data:"escalating error to panic"
   1: [Diagnostic Event] contract:CAAAAAAAAAAAAAAAAAAAAAAAAAAAAAAAAAAAAAAAAAAAAAAAAAAAFCT4, topics:[error, Error(Contract, #4)], data:["contract call failed", apply_delta_to_u128, [CAAAAAAAAAAAAAAAAAAAAAAAAAAAAAAAAAAAAAAAAAAAAAAAAAAAFCT4, Bytes(e718532125946e8b1cd399907bff755ee42c61999ee90f356a45bc5afe460a17), -1000000000000000000000000000000000]]
   2: [Failed Diagnostic Event (not emitted)] contract:CAAAAAAAAAAAAAAAAAAAAAAAAAAAAAAAAAAAAAAAAAAAAAAAAAAAK3IM, topics:[error, Error(Contract, #4)], data:"caught error from function"
   3: [Failed Diagnostic Event (not emitted)] contract:CAAAAAAAAAAAAAAAAAAAAAAAAAAAAAAAAAAAAAAAAAAAAAAAAAAAK3IM, topics:[error, Error(Contract, #4)], data:"escalating error to panic"
   4: [Failed Diagnostic Event (not emitted)] contract:CAAAAAAAAAAAAAAAAAAAAAAAAAAAAAAAAAAAAAAAAAAAAAAAAAAAK3IM, topics:[error, Error(Contract, #4)], data:["failing with contract error", 4]
   5: [Failed Diagnostic Event (not emitted)] contract:CAAAAAAAAAAAAAAAAAAAAAAAAAAAAAAAAAAAAAAAAAAAAAAAAAAAITA4, topics:[fn_return, has_role], data:true
   6: [Failed Diagnostic Event (not emitted)] contract:CAAAAAAAAAAAAAAAAAAAAAAAAAAAAAAAAAAAAAAAAAAAAAAAAAAAK3IM, topics:[fn_call, CAAAAAAAAAAAAAAAAAAAAAAAAAAAAAAAAAAAAAAAAAAAAAAAAAAAITA4, has_role], data:[CAAAAAAAAAAAAAAAAAAAAAAAAAAAAAAAAAAAAAAAAAAAAAAAAAAAFCT4, Bytes(33bf87be601326e21a8a7f573f265a6b8ab0174b8c8ec58239c8e524e4587b6a)]
   7: [Diagnostic Event] contract:CAAAAAAAAAAAAAAAAAAAAAAAAAAAAAAAAAAAAAAAAAAAAAAAAAAAFCT4, topics:[fn_call, CAAAAAAAAAAAAAAAAAAAAAAAAAAAAAAAAAAAAAAAAAAAAAAAAAAAK3IM, apply_delta_to_u128], data:[CAAAAAAAAAAAAAAAAAAAAAAAAAAAAAAAAAAAAAAAAAAAAAAAAAAAFCT4, Bytes(e718532125946e8b1cd399907bff755ee42c61999ee90f356a45bc5afe460a17), -1000000000000000000000000000000000]
   8: [Diagnostic Event] contract:CAAAAAAAAAAAAAAAAAAAAAAAAAAAAAAAAAAAAAAAAAAAAAAAAAAAK3IM, topics:[fn_return, get_i128], data:0
   9: [Diagnostic Event] contract:CAAAAAAAAAAAAAAAAAAAAAAAAAAAAAAAAAAAAAAAAAAAAAAAAAAAFCT4, topics:[fn_call, CAAAAAAAAAAAAAAAAAAAAAAAAAAAAAAAAAAAAAAAAAAAAAAAAAAAK3IM, get_i128], data:Bytes(31ff3a91ffb6505aadf5f208318e32abdee9c611fc6d08a43b7c11a71f508707)
   10: [Diagnostic Event] contract:CAAAAAAAAAAAAAAAAAAAAAAAAAAAAAAAAAAAAAAAAAAAAAAAAAAAK3IM, topics:[fn_return, get_u128], data:0
   11: [Diagnostic Event] contract:CAAAAAAAAAAAAAAAAAAAAAAAAAAAAAAAAAAAAAAAAAAAAAAAAAAAFCT4, topics:[fn_call, CAAAAAAAAAAAAAAAAAAAAAAAAAAAAAAAAAAAAAAAAAAAAAAAAAAAK3IM, get_u128], data:Bytes(ffe9923ee3d9dd2f01642ba9ba5ac92ffba66c19847a52443adcb7d377a691c8)
   12: [Diagnostic Event] contract:CAAAAAAAAAAAAAAAAAAAAAAAAAAAAAAAAAAAAAAAAAAAAAAAAAAAK3IM, topics:[fn_return, apply_delta_to_u128], data:100005100000
   13: [Diagnostic Event] contract:CAAAAAAAAAAAAAAAAAAAAAAAAAAAAAAAAAAAAAAAAAAAAAAAAAAAITA4, topics:[fn_return, has_role], data:true
   14: [Diagnostic Event] contract:CAAAAAAAAAAAAAAAAAAAAAAAAAAAAAAAAAAAAAAAAAAAAAAAAAAAK3IM, topics:[fn_call, CAAAAAAAAAAAAAAAAAAAAAAAAAAAAAAAAAAAAAAAAAAAAAAAAAAAITA4, has_role], data:[CAAAAAAAAAAAAAAAAAAAAAAAAAAAAAAAAAAAAAAAAAAAAAAAAAAAFCT4, Bytes(33bf87be601326e21a8a7f573f265a6b8ab0174b8c8ec58239c8e524e4587b6a)]
   15: [Diagnostic Event] contract:CAAAAAAAAAAAAAAAAAAAAAAAAAAAAAAAAAAAAAAAAAAAAAAAAAAAFCT4, topics:[fn_call, CAAAAAAAAAAAAAAAAAAAAAAAAAAAAAAAAAAAAAAAAAAAAAAAAAAAK3IM, apply_delta_to_u128], data:[CAAAAAAAAAAAAAAAAAAAAAAAAAAAAAAAAAAAAAAAAAAAAAAAAAAAFCT4, Bytes(3ff13a44d6b4851553feb395f144768d6a0009334ba30f51f714bd2a0c9ec523), 100000]
   16: [Diagnostic Event] contract:CAAAAAAAAAAAAAAAAAAAAAAAAAAAAAAAAAAAAAAAAAAAAAAAAAAAK3IM, topics:[fn_return, get_u128], data:10000000000000000000000000000
   17: [Diagnostic Event] contract:CAAAAAAAAAAAAAAAAAAAAAAAAAAAAAAAAAAAAAAAAAAAAAAAAAAAFCT4, topics:[fn_call, CAAAAAAAAAAAAAAAAAAAAAAAAAAAAAAAAAAAAAAAAAAAAAAAAAAAK3IM, get_u128], data:Bytes(7edfb46289d9b1804d012ffdf1566545b9aaf37c0f4d9e5ca582fd609109339d)
   18: [Diagnostic Event] contract:CAAAAAAAAAAAAAAAAAAAAAAAAAAAAAAAAAAAAAAAAAAAAAAAAAAAK3IM, topics:[fn_return, get_i128], data:0
   19: [Diagnostic Event] contract:CAAAAAAAAAAAAAAAAAAAAAAAAAAAAAAAAAAAAAAAAAAAAAAAAAAAFCT4, topics:[fn_call, CAAAAAAAAAAAAAAAAAAAAAAAAAAAAAAAAAAAAAAAAAAAAAAAAAAAK3IM, get_i128], data:Bytes(31ff3a91ffb6505aadf5f208318e32abdee9c611fc6d08a43b7c11a71f508707)
   20: [Diagnostic Event] contract:CAAAAAAAAAAAAAAAAAAAAAAAAAAAAAAAAAAAAAAAAAAAAAAAAAAAK3IM, topics:[fn_return, get_u128], data:0
   21: [Diagnostic Event] contract:CAAAAAAAAAAAAAAAAAAAAAAAAAAAAAAAAAAAAAAAAAAAAAAAAAAAFCT4, topics:[fn_call, CAAAAAAAAAAAAAAAAAAAAAAAAAAAAAAAAAAAAAAAAAAAAAAAAAAAK3IM, get_u128], data:Bytes(ffe9923ee3d9dd2f01642ba9ba5ac92ffba66c19847a52443adcb7d377a691c8)
   22: [Diagnostic Event] contract:CAAAAAAAAAAAAAAAAAAAAAAAAAAAAAAAAAAAAAAAAAAAAAAAAAAAK3IM, topics:[fn_return, apply_delta_to_u128], data:100005000000
   23: [Diagnostic Event] contract:CAAAAAAAAAAAAAAAAAAAAAAAAAAAAAAAAAAAAAAAAAAAAAAAAAAAITA4, topics:[fn_return, has_role], data:true
   24: [Diagnostic Event] contract:CAAAAAAAAAAAAAAAAAAAAAAAAAAAAAAAAAAAAAAAAAAAAAAAAAAAK3IM, topics:[fn_call, CAAAAAAAAAAAAAAAAAAAAAAAAAAAAAAAAAAAAAAAAAAAAAAAAAAAITA4, has_role], data:[CAAAAAAAAAAAAAAAAAAAAAAAAAAAAAAAAAAAAAAAAAAAAAAAAAAAFCT4, Bytes(33bf87be601326e21a8a7f573f265a6b8ab0174b8c8ec58239c8e524e4587b6a)]
   25: [Diagnostic Event] contract:CAAAAAAAAAAAAAAAAAAAAAAAAAAAAAAAAAAAAAAAAAAAAAAAAAAAFCT4, topics:[fn_call, CAAAAAAAAAAAAAAAAAAAAAAAAAAAAAAAAAAAAAAAAAAAAAAAAAAAK3IM, apply_delta_to_u128], data:[CAAAAAAAAAAAAAAAAAAAAAAAAAAAAAAAAAAAAAAAAAAAAAAAAAAAFCT4, Bytes(3ff13a44d6b4851553feb395f144768d6a0009334ba30f51f714bd2a0c9ec523), 5000000]
   26: [Diagnostic Event] contract:CAAAAAAAAAAAAAAAAAAAAAAAAAAAAAAAAAAAAAAAAAAAAAAAAAAAK3IM, topics:[fn_return, get_u128], data:0
   27: [Diagnostic Event] contract:CAAAAAAAAAAAAAAAAAAAAAAAAAAAAAAAAAAAAAAAAAAAAAAAAAAAFCT4, topics:[fn_call, CAAAAAAAAAAAAAAAAAAAAAAAAAAAAAAAAAAAAAAAAAAAAAAAAAAAK3IM, get_u128], data:Bytes(b6a6ff184f0c97989a140dfbdc350c9ca471251416a7eaaef3403efee8807d83)
   28: [Diagnostic Event] contract:CAAAAAAAAAAAAAAAAAAAAAAAAAAAAAAAAAAAAAAAAAAAAAAAAAAAK3IM, topics:[fn_return, get_u128], data:0
   29: [Diagnostic Event] contract:CAAAAAAAAAAAAAAAAAAAAAAAAAAAAAAAAAAAAAAAAAAAAAAAAAAAFCT4, topics:[fn_call, CAAAAAAAAAAAAAAAAAAAAAAAAAAAAAAAAAAAAAAAAAAAAAAAAAAAK3IM, get_u128], data:Bytes(cec94e01c234c033dad0d95feac2161a9652faf3901c78a03ca0b638e35a9372)
   30: [Diagnostic Event] contract:CAAAAAAAAAAAAAAAAAAAAAAAAAAAAAAAAAAAAAAAAAAAAAAAAAAAK3IM, topics:[fn_return, get_u128], data:0
   31: [Diagnostic Event] contract:CAAAAAAAAAAAAAAAAAAAAAAAAAAAAAAAAAAAAAAAAAAAAAAAAAAAFCT4, topics:[fn_call, CAAAAAAAAAAAAAAAAAAAAAAAAAAAAAAAAAAAAAAAAAAAAAAAAAAAK3IM, get_u128], data:Bytes(f8e6823cb8892ec6f8828185446e17086598c32a47d5f128dbff081481990cc1)
   32: [Diagnostic Event] contract:CAAAAAAAAAAAAAAAAAAAAAAAAAAAAAAAAAAAAAAAAAAAAAAAAAAAK3IM, topics:[fn_return, get_u128], data:0
   33: [Diagnostic Event] contract:CAAAAAAAAAAAAAAAAAAAAAAAAAAAAAAAAAAAAAAAAAAAAAAAAAAAFCT4, topics:[fn_call, CAAAAAAAAAAAAAAAAAAAAAAAAAAAAAAAAAAAAAAAAAAAAAAAAAAAK3IM, get_u128], data:Bytes(57495ba1e687360f98582f7cd3ab3d0f58f9382d85f041ed16e7514b09cd01a6)
   34: [Diagnostic Event] contract:CAAAAAAAAAAAAAAAAAAAAAAAAAAAAAAAAAAAAAAAAAAAAAAAAAAAK3IM, topics:[fn_return, get_u128], data:0
   35: [Diagnostic Event] contract:CAAAAAAAAAAAAAAAAAAAAAAAAAAAAAAAAAAAAAAAAAAAAAAAAAAAFCT4, topics:[fn_call, CAAAAAAAAAAAAAAAAAAAAAAAAAAAAAAAAAAAAAAAAAAAAAAAAAAAK3IM, get_u128], data:Bytes(4e9e7ff03a33538f61e2b9f09efd20a10a25014f4ab27b52e1a8b00088a9ec9f)
   36: [Diagnostic Event] contract:CAAAAAAAAAAAAAAAAAAAAAAAAAAAAAAAAAAAAAAAAAAAAAAAAAAAK3IM, topics:[fn_return, get_u128], data:0
   37: [Diagnostic Event] contract:CAAAAAAAAAAAAAAAAAAAAAAAAAAAAAAAAAAAAAAAAAAAAAAAAAAAFCT4, topics:[fn_call, CAAAAAAAAAAAAAAAAAAAAAAAAAAAAAAAAAAAAAAAAAAAAAAAAAAAK3IM, get_u128], data:Bytes(33eeae0deb52791edbebb0453f8f7bf64896d5d9a0469d3b09c91cde7ce9d8c7)
   38: [Diagnostic Event] contract:CAAAAAAAAAAAAAAAAAAAAAAAAAAAAAAAAAAAAAAAAAAAAAAAAAAAK3IM, topics:[fn_return, get_u128], data:0
   39: [Diagnostic Event] contract:CAAAAAAAAAAAAAAAAAAAAAAAAAAAAAAAAAAAAAAAAAAAAAAAAAAAFCT4, topics:[fn_call, CAAAAAAAAAAAAAAAAAAAAAAAAAAAAAAAAAAAAAAAAAAAAAAAAAAAK3IM, get_u128], data:Bytes(7b56381209255afca5ff30427b0070917a38e66dde30937011874b36436aa500)
   40: [Diagnostic Event] contract:CAAAAAAAAAAAAAAAAAAAAAAAAAAAAAAAAAAAAAAAAAAAAAAAAAAAK3IM, topics:[fn_return, get_u128], data:0
   41: [Diagnostic Event] contract:CAAAAAAAAAAAAAAAAAAAAAAAAAAAAAAAAAAAAAAAAAAAAAAAAAAAFCT4, topics:[fn_call, CAAAAAAAAAAAAAAAAAAAAAAAAAAAAAAAAAAAAAAAAAAAAAAAAAAAK3IM, get_u128], data:Bytes(e718532125946e8b1cd399907bff755ee42c61999ee90f356a45bc5afe460a17)
   42: [Diagnostic Event] contract:CAAAAAAAAAAAAAAAAAAAAAAAAAAAAAAAAAAAAAAAAAAAAAAAAAAAK3IM, topics:[fn_return, get_i128], data:0
   43: [Diagnostic Event] contract:CAAAAAAAAAAAAAAAAAAAAAAAAAAAAAAAAAAAAAAAAAAAAAAAAAAAFCT4, topics:[fn_call, CAAAAAAAAAAAAAAAAAAAAAAAAAAAAAAAAAAAAAAAAAAAAAAAAAAAK3IM, get_i128], data:Bytes(31ff3a91ffb6505aadf5f208318e32abdee9c611fc6d08a43b7c11a71f508707)
   44: [Diagnostic Event] contract:CAAAAAAAAAAAAAAAAAAAAAAAAAAAAAAAAAAAAAAAAAAAAAAAAAAAK3IM, topics:[fn_return, get_i128], data:0
   45: [Diagnostic Event] contract:CAAAAAAAAAAAAAAAAAAAAAAAAAAAAAAAAAAAAAAAAAAAAAAAAAAAFCT4, topics:[fn_call, CAAAAAAAAAAAAAAAAAAAAAAAAAAAAAAAAAAAAAAAAAAAAAAAAAAAK3IM, get_i128], data:Bytes(2205da54dfd0060bbcd1227da0b1803d1f182879cdaef446dc3c2707b0274010)
   46: [Diagnostic Event] contract:CAAAAAAAAAAAAAAAAAAAAAAAAAAAAAAAAAAAAAAAAAAAAAAAAAAAK3IM, topics:[fn_return, get_i128], data:0
   47: [Diagnostic Event] contract:CAAAAAAAAAAAAAAAAAAAAAAAAAAAAAAAAAAAAAAAAAAAAAAAAAAAFCT4, topics:[fn_call, CAAAAAAAAAAAAAAAAAAAAAAAAAAAAAAAAAAAAAAAAAAAAAAAAAAAK3IM, get_i128], data:Bytes(31ff3a91ffb6505aadf5f208318e32abdee9c611fc6d08a43b7c11a71f508707)
   48: [Diagnostic Event] contract:CAAAAAAAAAAAAAAAAAAAAAAAAAAAAAAAAAAAAAAAAAAAAAAAAAAAK3IM, topics:[fn_return, get_i128], data:0
   49: [Diagnostic Event] contract:CAAAAAAAAAAAAAAAAAAAAAAAAAAAAAAAAAAAAAAAAAAAAAAAAAAAFCT4, topics:[fn_call, CAAAAAAAAAAAAAAAAAAAAAAAAAAAAAAAAAAAAAAAAAAAAAAAAAAAK3IM, get_i128], data:Bytes(2205da54dfd0060bbcd1227da0b1803d1f182879cdaef446dc3c2707b0274010)
   50: [Diagnostic Event] contract:CAAAAAAAAAAAAAAAAAAAAAAAAAAAAAAAAAAAAAAAAAAAAAAAAAAAK3IM, topics:[fn_return, get_i128], data:0
   51: [Diagnostic Event] contract:CAAAAAAAAAAAAAAAAAAAAAAAAAAAAAAAAAAAAAAAAAAAAAAAAAAAFCT4, topics:[fn_call, CAAAAAAAAAAAAAAAAAAAAAAAAAAAAAAAAAAAAAAAAAAAAAAAAAAAK3IM, get_i128], data:Bytes(31ff3a91ffb6505aadf5f208318e32abdee9c611fc6d08a43b7c11a71f508707)
   52: [Diagnostic Event] contract:CAAAAAAAAAAAAAAAAAAAAAAAAAAAAAAAAAAAAAAAAAAAAAAAAAAAK3IM, topics:[fn_return, set_u128], data:2000
   53: [Diagnostic Event] contract:CAAAAAAAAAAAAAAAAAAAAAAAAAAAAAAAAAAAAAAAAAAAAAAAAAAAITA4, topics:[fn_return, has_role], data:true
   54: [Diagnostic Event] contract:CAAAAAAAAAAAAAAAAAAAAAAAAAAAAAAAAAAAAAAAAAAAAAAAAAAAK3IM, topics:[fn_call, CAAAAAAAAAAAAAAAAAAAAAAAAAAAAAAAAAAAAAAAAAAAAAAAAAAAITA4, has_role], data:[CAAAAAAAAAAAAAAAAAAAAAAAAAAAAAAAAAAAAAAAAAAAAAAAAAAAFCT4, Bytes(33bf87be601326e21a8a7f573f265a6b8ab0174b8c8ec58239c8e524e4587b6a)]
   55: [Diagnostic Event] contract:CAAAAAAAAAAAAAAAAAAAAAAAAAAAAAAAAAAAAAAAAAAAAAAAAAAAFCT4, topics:[fn_call, CAAAAAAAAAAAAAAAAAAAAAAAAAAAAAAAAAAAAAAAAAAAAAAAAAAAK3IM, set_u128], data:[CAAAAAAAAAAAAAAAAAAAAAAAAAAAAAAAAAAAAAAAAAAAAAAAAAAAFCT4, Bytes(2f5911f5b750ad072dccf0e07b697e17fc7bde47b21d44f8c81e49b7b5243df4), 2000]
   56: [Diagnostic Event] contract:CAAAAAAAAAAAAAAAAAAAAAAAAAAAAAAAAAAAAAAAAAAAAAAAAAAAK3IM, topics:[fn_return, apply_delta_to_u128], data:0
   57: [Diagnostic Event] contract:CAAAAAAAAAAAAAAAAAAAAAAAAAAAAAAAAAAAAAAAAAAAAAAAAAAAITA4, topics:[fn_return, has_role], data:true
   58: [Diagnostic Event] contract:CAAAAAAAAAAAAAAAAAAAAAAAAAAAAAAAAAAAAAAAAAAAAAAAAAAAK3IM, topics:[fn_call, CAAAAAAAAAAAAAAAAAAAAAAAAAAAAAAAAAAAAAAAAAAAAAAAAAAAITA4, has_role], data:[CAAAAAAAAAAAAAAAAAAAAAAAAAAAAAAAAAAAAAAAAAAAAAAAAAAAFCT4, Bytes(33bf87be601326e21a8a7f573f265a6b8ab0174b8c8ec58239c8e524e4587b6a)]
   59: [Diagnostic Event] contract:CAAAAAAAAAAAAAAAAAAAAAAAAAAAAAAAAAAAAAAAAAAAAAAAAAAAFCT4, topics:[fn_call, CAAAAAAAAAAAAAAAAAAAAAAAAAAAAAAAAAAAAAAAAAAAAAAAAAAAK3IM, apply_delta_to_u128], data:[CAAAAAAAAAAAAAAAAAAAAAAAAAAAAAAAAAAAAAAAAAAAAAAAAAAAFCT4, Bytes(ffe9923ee3d9dd2f01642ba9ba5ac92ffba66c19847a52443adcb7d377a691c8), 0]
   60: [Diagnostic Event] contract:CAAAAAAAAAAAAAAAAAAAAAAAAAAAAAAAAAAAAAAAAAAAAAAAAAAAK3IM, topics:[fn_return, get_u128], data:0
   61: [Diagnostic Event] contract:CAAAAAAAAAAAAAAAAAAAAAAAAAAAAAAAAAAAAAAAAAAAAAAAAAAAFCT4, topics:[fn_call, CAAAAAAAAAAAAAAAAAAAAAAAAAAAAAAAAAAAAAAAAAAAAAAAAAAAK3IM, get_u128], data:Bytes(dd0e80b430c86f70f105cbec743f3ee3f73ffaf9d9c28f2b57da8cd7db627166)
   62: [Diagnostic Event] contract:CAAAAAAAAAAAAAAAAAAAAAAAAAAAAAAAAAAAAAAAAAAAAAAAAAAAK3IM, topics:[fn_return, get_u128], data:0
   63: [Diagnostic Event] contract:CAAAAAAAAAAAAAAAAAAAAAAAAAAAAAAAAAAAAAAAAAAAAAAAAAAAFCT4, topics:[fn_call, CAAAAAAAAAAAAAAAAAAAAAAAAAAAAAAAAAAAAAAAAAAAAAAAAAAAK3IM, get_u128], data:Bytes(b270ee4b4667c55852146a488cebb72ae8d8fd41785b5f48d3cb91970421b699)
   64: [Diagnostic Event] contract:CAAAAAAAAAAAAAAAAAAAAAAAAAAAAAAAAAAAAAAAAAAAAAAAAAAAK3IM, topics:[fn_return, get_u128], data:0
   65: [Diagnostic Event] contract:CAAAAAAAAAAAAAAAAAAAAAAAAAAAAAAAAAAAAAAAAAAAAAAAAAAAFCT4, topics:[fn_call, CAAAAAAAAAAAAAAAAAAAAAAAAAAAAAAAAAAAAAAAAAAAAAAAAAAAK3IM, get_u128], data:Bytes(7b56381209255afca5ff30427b0070917a38e66dde30937011874b36436aa500)
   66: [Diagnostic Event] contract:CAAAAAAAAAAAAAAAAAAAAAAAAAAAAAAAAAAAAAAAAAAAAAAAAAAAK3IM, topics:[fn_return, get_u128], data:0
   67: [Diagnostic Event] contract:CAAAAAAAAAAAAAAAAAAAAAAAAAAAAAAAAAAAAAAAAAAAAAAAAAAAFCT4, topics:[fn_call, CAAAAAAAAAAAAAAAAAAAAAAAAAAAAAAAAAAAAAAAAAAAAAAAAAAAK3IM, get_u128], data:Bytes(e718532125946e8b1cd399907bff755ee42c61999ee90f356a45bc5afe460a17)
   68: [Diagnostic Event] contract:CAAAAAAAAAAAAAAAAAAAAAAAAAAAAAAAAAAAAAAAAAAAAAAAAAAAK3IM, topics:[fn_return, get_u128], data:100000000000
   69: [Diagnostic Event] contract:CAAAAAAAAAAAAAAAAAAAAAAAAAAAAAAAAAAAAAAAAAAAAAAAAAAAFCT4, topics:[fn_call, CAAAAAAAAAAAAAAAAAAAAAAAAAAAAAAAAAAAAAAAAAAAAAAAAAAAK3IM, get_u128], data:Bytes(3ff13a44d6b4851553feb395f144768d6a0009334ba30f51f714bd2a0c9ec523)
   70: [Diagnostic Event] contract:CAAAAAAAAAAAAAAAAAAAAAAAAAAAAAAAAAAAAAAAAAAAAAAAAAAAK3IM, topics:[fn_return, get_u128], data:0
   71: [Diagnostic Event] contract:CAAAAAAAAAAAAAAAAAAAAAAAAAAAAAAAAAAAAAAAAAAAAAAAAAAAFCT4, topics:[fn_call, CAAAAAAAAAAAAAAAAAAAAAAAAAAAAAAAAAAAAAAAAAAAAAAAAAAAK3IM, get_u128], data:Bytes(2f5911f5b750ad072dccf0e07b697e17fc7bde47b21d44f8c81e49b7b5243df4)
   72: [Diagnostic Event] contract:CAAAAAAAAAAAAAAAAAAAAAAAAAAAAAAAAAAAAAAAAAAAAAAAAAAAK3IM, topics:[fn_return, apply_delta_to_i128], data:0
   73: [Diagnostic Event] contract:CAAAAAAAAAAAAAAAAAAAAAAAAAAAAAAAAAAAAAAAAAAAAAAAAAAAITA4, topics:[fn_return, has_role], data:true
   74: [Diagnostic Event] contract:CAAAAAAAAAAAAAAAAAAAAAAAAAAAAAAAAAAAAAAAAAAAAAAAAAAAK3IM, topics:[fn_call, CAAAAAAAAAAAAAAAAAAAAAAAAAAAAAAAAAAAAAAAAAAAAAAAAAAAITA4, has_role], data:[CAAAAAAAAAAAAAAAAAAAAAAAAAAAAAAAAAAAAAAAAAAAAAAAAAAAFCT4, Bytes(33bf87be601326e21a8a7f573f265a6b8ab0174b8c8ec58239c8e524e4587b6a)]
   75: [Diagnostic Event] contract:CAAAAAAAAAAAAAAAAAAAAAAAAAAAAAAAAAAAAAAAAAAAAAAAAAAAFCT4, topics:[fn_call, CAAAAAAAAAAAAAAAAAAAAAAAAAAAAAAAAAAAAAAAAAAAAAAAAAAAK3IM, apply_delta_to_i128], data:[CAAAAAAAAAAAAAAAAAAAAAAAAAAAAAAAAAAAAAAAAAAAAAAAAAAAFCT4, Bytes(8fbeddf8f6522db5012ca30db3905fa3e138e6b3d81053b0f5c2f31daad1b196), 0]
   76: [Diagnostic Event] contract:CAAAAAAAAAAAAAAAAAAAAAAAAAAAAAAAAAAAAAAAAAAAAAAAAAAAK3IM, topics:[fn_return, apply_delta_to_i128], data:0
   77: [Diagnostic Event] contract:CAAAAAAAAAAAAAAAAAAAAAAAAAAAAAAAAAAAAAAAAAAAAAAAAAAAITA4, topics:[fn_return, has_role], data:true
   78: [Diagnostic Event] contract:CAAAAAAAAAAAAAAAAAAAAAAAAAAAAAAAAAAAAAAAAAAAAAAAAAAAK3IM, topics:[fn_call, CAAAAAAAAAAAAAAAAAAAAAAAAAAAAAAAAAAAAAAAAAAAAAAAAAAAITA4, has_role], data:[CAAAAAAAAAAAAAAAAAAAAAAAAAAAAAAAAAAAAAAAAAAAAAAAAAAAFCT4, Bytes(33bf87be601326e21a8a7f573f265a6b8ab0174b8c8ec58239c8e524e4587b6a)]
   79: [Diagnostic Event] contract:CAAAAAAAAAAAAAAAAAAAAAAAAAAAAAAAAAAAAAAAAAAAAAAAAAAAFCT4, topics:[fn_call, CAAAAAAAAAAAAAAAAAAAAAAAAAAAAAAAAAAAAAAAAAAAAAAAAAAAK3IM, apply_delta_to_i128], data:[CAAAAAAAAAAAAAAAAAAAAAAAAAAAAAAAAAAAAAAAAAAAAAAAAAAAFCT4, Bytes(31ff3a91ffb6505aadf5f208318e32abdee9c611fc6d08a43b7c11a71f508707), 0]
   80: [Diagnostic Event] contract:CAAAAAAAAAAAAAAAAAAAAAAAAAAAAAAAAAAAAAAAAAAAAAAAAAAAK3IM, topics:[fn_return, get_u128], data:0
   81: [Diagnostic Event] contract:CAAAAAAAAAAAAAAAAAAAAAAAAAAAAAAAAAAAAAAAAAAAAAAAAAAAFCT4, topics:[fn_call, CAAAAAAAAAAAAAAAAAAAAAAAAAAAAAAAAAAAAAAAAAAAAAAAAAAAK3IM, get_u128], data:Bytes(4e9e7ff03a33538f61e2b9f09efd20a10a25014f4ab27b52e1a8b00088a9ec9f)
   82: [Diagnostic Event] contract:CAAAAAAAAAAAAAAAAAAAAAAAAAAAAAAAAAAAAAAAAAAAAAAAAAAAK3IM, topics:[fn_return, get_u128], data:0
   83: [Diagnostic Event] contract:CAAAAAAAAAAAAAAAAAAAAAAAAAAAAAAAAAAAAAAAAAAAAAAAAAAAFCT4, topics:[fn_call, CAAAAAAAAAAAAAAAAAAAAAAAAAAAAAAAAAAAAAAAAAAAAAAAAAAAK3IM, get_u128], data:Bytes(33eeae0deb52791edbebb0453f8f7bf64896d5d9a0469d3b09c91cde7ce9d8c7)
   84: [Diagnostic Event] contract:CAAAAAAAAAAAAAAAAAAAAAAAAAAAAAAAAAAAAAAAAAAAAAAAAAAAK3IM, topics:[fn_return, get_u128], data:0
   85: [Diagnostic Event] contract:CAAAAAAAAAAAAAAAAAAAAAAAAAAAAAAAAAAAAAAAAAAAAAAAAAAAFCT4, topics:[fn_call, CAAAAAAAAAAAAAAAAAAAAAAAAAAAAAAAAAAAAAAAAAAAAAAAAAAAK3IM, get_u128], data:Bytes(7b56381209255afca5ff30427b0070917a38e66dde30937011874b36436aa500)
   86: [Diagnostic Event] contract:CAAAAAAAAAAAAAAAAAAAAAAAAAAAAAAAAAAAAAAAAAAAAAAAAAAAK3IM, topics:[fn_return, get_u128], data:0
   87: [Diagnostic Event] contract:CAAAAAAAAAAAAAAAAAAAAAAAAAAAAAAAAAAAAAAAAAAAAAAAAAAAFCT4, topics:[fn_call, CAAAAAAAAAAAAAAAAAAAAAAAAAAAAAAAAAAAAAAAAAAAAAAAAAAAK3IM, get_u128], data:Bytes(e718532125946e8b1cd399907bff755ee42c61999ee90f356a45bc5afe460a17)
   88: [Diagnostic Event] contract:CAAAAAAAAAAAAAAAAAAAAAAAAAAAAAAAAAAAAAAAAAAAAAAAAAAAK3IM, topics:[fn_return, set_u128], data:2000
   89: [Diagnostic Event] contract:CAAAAAAAAAAAAAAAAAAAAAAAAAAAAAAAAAAAAAAAAAAAAAAAAAAAITA4, topics:[fn_return, has_role], data:true
   90: [Diagnostic Event] contract:CAAAAAAAAAAAAAAAAAAAAAAAAAAAAAAAAAAAAAAAAAAAAAAAAAAAK3IM, topics:[fn_call, CAAAAAAAAAAAAAAAAAAAAAAAAAAAAAAAAAAAAAAAAAAAAAAAAAAAITA4, has_role], data:[CAAAAAAAAAAAAAAAAAAAAAAAAAAAAAAAAAAAAAAAAAAAAAAAAAAAFCT4, Bytes(33bf87be601326e21a8a7f573f265a6b8ab0174b8c8ec58239c8e524e4587b6a)]
   91: [Diagnostic Event] contract:CAAAAAAAAAAAAAAAAAAAAAAAAAAAAAAAAAAAAAAAAAAAAAAAAAAAFCT4, topics:[fn_call, CAAAAAAAAAAAAAAAAAAAAAAAAAAAAAAAAAAAAAAAAAAAAAAAAAAAK3IM, set_u128], data:[CAAAAAAAAAAAAAAAAAAAAAAAAAAAAAAAAAAAAAAAAAAAAAAAAAAAFCT4, Bytes(99a6b0e2741ebb3f2240332c3c0a39b9a61a6cf7e33bbd3a001a71cb25f62001), 2000]
   92: [Diagnostic Event] contract:CAAAAAAAAAAAAAAAAAAAAAAAAAAAAAAAAAAAAAAAAAAAAAAAAAAAK3IM, topics:[fn_return, set_i128], data:0
   93: [Diagnostic Event] contract:CAAAAAAAAAAAAAAAAAAAAAAAAAAAAAAAAAAAAAAAAAAAAAAAAAAAITA4, topics:[fn_return, has_role], data:true
   94: [Diagnostic Event] contract:CAAAAAAAAAAAAAAAAAAAAAAAAAAAAAAAAAAAAAAAAAAAAAAAAAAAK3IM, topics:[fn_call, CAAAAAAAAAAAAAAAAAAAAAAAAAAAAAAAAAAAAAAAAAAAAAAAAAAAITA4, has_role], data:[CAAAAAAAAAAAAAAAAAAAAAAAAAAAAAAAAAAAAAAAAAAAAAAAAAAAFCT4, Bytes(33bf87be601326e21a8a7f573f265a6b8ab0174b8c8ec58239c8e524e4587b6a)]
   95: [Diagnostic Event] contract:CAAAAAAAAAAAAAAAAAAAAAAAAAAAAAAAAAAAAAAAAAAAAAAAAAAAFCT4, topics:[fn_call, CAAAAAAAAAAAAAAAAAAAAAAAAAAAAAAAAAAAAAAAAAAAAAAAAAAAK3IM, set_i128], data:[CAAAAAAAAAAAAAAAAAAAAAAAAAAAAAAAAAAAAAAAAAAAAAAAAAAAFCT4, Bytes(c9d14d2d146e0db1f92d9c6be60148ac8565db03fb8a987bf916a95d87a06207), 0]
   96: [Diagnostic Event] contract:CAAAAAAAAAAAAAAAAAAAAAAAAAAAAAAAAAAAAAAAAAAAAAAAAAAAK3IM, topics:[fn_return, get_u128], data:0
   97: [Diagnostic Event] contract:CAAAAAAAAAAAAAAAAAAAAAAAAAAAAAAAAAAAAAAAAAAAAAAAAAAAFCT4, topics:[fn_call, CAAAAAAAAAAAAAAAAAAAAAAAAAAAAAAAAAAAAAAAAAAAAAAAAAAAK3IM, get_u128], data:Bytes(4e9e7ff03a33538f61e2b9f09efd20a10a25014f4ab27b52e1a8b00088a9ec9f)
   98: [Diagnostic Event] contract:CAAAAAAAAAAAAAAAAAAAAAAAAAAAAAAAAAAAAAAAAAAAAAAAAAAAK3IM, topics:[fn_return, get_u128], data:0
   99: [Diagnostic Event] contract:CAAAAAAAAAAAAAAAAAAAAAAAAAAAAAAAAAAAAAAAAAAAAAAAAAAAFCT4, topics:[fn_call, CAAAAAAAAAAAAAAAAAAAAAAAAAAAAAAAAAAAAAAAAAAAAAAAAAAAK3IM, get_u128], data:Bytes(33eeae0deb52791edbebb0453f8f7bf64896d5d9a0469d3b09c91cde7ce9d8c7)
   100: [Diagnostic Event] contract:CAAAAAAAAAAAAAAAAAAAAAAAAAAAAAAAAAAAAAAAAAAAAAAAAAAAK3IM, topics:[fn_return, get_u128], data:0
   101: [Diagnostic Event] contract:CAAAAAAAAAAAAAAAAAAAAAAAAAAAAAAAAAAAAAAAAAAAAAAAAAAAFCT4, topics:[fn_call, CAAAAAAAAAAAAAAAAAAAAAAAAAAAAAAAAAAAAAAAAAAAAAAAAAAAK3IM, get_u128], data:Bytes(7b56381209255afca5ff30427b0070917a38e66dde30937011874b36436aa500)
   102: [Diagnostic Event] contract:CAAAAAAAAAAAAAAAAAAAAAAAAAAAAAAAAAAAAAAAAAAAAAAAAAAAK3IM, topics:[fn_return, get_u128], data:0
   103: [Diagnostic Event] contract:CAAAAAAAAAAAAAAAAAAAAAAAAAAAAAAAAAAAAAAAAAAAAAAAAAAAFCT4, topics:[fn_call, CAAAAAAAAAAAAAAAAAAAAAAAAAAAAAAAAAAAAAAAAAAAAAAAAAAAK3IM, get_u128], data:Bytes(e718532125946e8b1cd399907bff755ee42c61999ee90f356a45bc5afe460a17)
   104: [Diagnostic Event] contract:CAAAAAAAAAAAAAAAAAAAAAAAAAAAAAAAAAAAAAAAAAAAAAAAAAAAK3IM, topics:[fn_return, get_i128], data:0
   105: [Diagnostic Event] contract:CAAAAAAAAAAAAAAAAAAAAAAAAAAAAAAAAAAAAAAAAAAAAAAAAAAAFCT4, topics:[fn_call, CAAAAAAAAAAAAAAAAAAAAAAAAAAAAAAAAAAAAAAAAAAAAAAAAAAAK3IM, get_i128], data:Bytes(c9d14d2d146e0db1f92d9c6be60148ac8565db03fb8a987bf916a95d87a06207)
   106: [Diagnostic Event] contract:CAAAAAAAAAAAAAAAAAAAAAAAAAAAAAAAAAAAAAAAAAAAAAAAAAAAK3IM, topics:[fn_return, get_u128], data:0
   107: [Diagnostic Event] contract:CAAAAAAAAAAAAAAAAAAAAAAAAAAAAAAAAAAAAAAAAAAAAAAAAAAAFCT4, topics:[fn_call, CAAAAAAAAAAAAAAAAAAAAAAAAAAAAAAAAAAAAAAAAAAAAAAAAAAAK3IM, get_u128], data:Bytes(99a6b0e2741ebb3f2240332c3c0a39b9a61a6cf7e33bbd3a001a71cb25f62001)


thread 'tests::full_close_output_non_negative_and_fully_closed' (1366639) panicked at /Users/rahmanlawal/.cargo/registry/src/index.crates.io-1949cf8c6b5b557f/soroban-env-host-25.0.1/src/host.rs:907:9:
HostError: Error(Contract, #4)

Event log (newest first):
   0: [Diagnostic Event] contract:CAAAAAAAAAAAAAAAAAAAAAAAAAAAAAAAAAAAAAAAAAAAAAAAAAAAFCT4, topics:[error, Error(Contract, #4)], data:"escalating error to panic"
   1: [Diagnostic Event] contract:CAAAAAAAAAAAAAAAAAAAAAAAAAAAAAAAAAAAAAAAAAAAAAAAAAAAFCT4, topics:[error, Error(Contract, #4)], data:["contract call failed", apply_delta_to_u128, [CAAAAAAAAAAAAAAAAAAAAAAAAAAAAAAAAAAAAAAAAAAAAAAAAAAAFCT4, Bytes(e718532125946e8b1cd399907bff755ee42c61999ee90f356a45bc5afe460a17), -500000000000000000000000000000000]]
   2: [Failed Diagnostic Event (not emitted)] contract:CAAAAAAAAAAAAAAAAAAAAAAAAAAAAAAAAAAAAAAAAAAAAAAAAAAAK3IM, topics:[error, Error(Contract, #4)], data:"caught error from function"
   3: [Failed Diagnostic Event (not emitted)] contract:CAAAAAAAAAAAAAAAAAAAAAAAAAAAAAAAAAAAAAAAAAAAAAAAAAAAK3IM, topics:[error, Error(Contract, #4)], data:"escalating error to panic"
   4: [Failed Diagnostic Event (not emitted)] contract:CAAAAAAAAAAAAAAAAAAAAAAAAAAAAAAAAAAAAAAAAAAAAAAAAAAAK3IM, topics:[error, Error(Contract, #4)], data:["failing with contract error", 4]
   5: [Failed Diagnostic Event (not emitted)] contract:CAAAAAAAAAAAAAAAAAAAAAAAAAAAAAAAAAAAAAAAAAAAAAAAAAAAITA4, topics:[fn_return, has_role], data:true
   6: [Failed Diagnostic Event (not emitted)] contract:CAAAAAAAAAAAAAAAAAAAAAAAAAAAAAAAAAAAAAAAAAAAAAAAAAAAK3IM, topics:[fn_call, CAAAAAAAAAAAAAAAAAAAAAAAAAAAAAAAAAAAAAAAAAAAAAAAAAAAITA4, has_role], data:[CAAAAAAAAAAAAAAAAAAAAAAAAAAAAAAAAAAAAAAAAAAAAAAAAAAAFCT4, Bytes(33bf87be601326e21a8a7f573f265a6b8ab0174b8c8ec58239c8e524e4587b6a)]
   7: [Diagnostic Event] contract:CAAAAAAAAAAAAAAAAAAAAAAAAAAAAAAAAAAAAAAAAAAAAAAAAAAAFCT4, topics:[fn_call, CAAAAAAAAAAAAAAAAAAAAAAAAAAAAAAAAAAAAAAAAAAAAAAAAAAAK3IM, apply_delta_to_u128], data:[CAAAAAAAAAAAAAAAAAAAAAAAAAAAAAAAAAAAAAAAAAAAAAAAAAAAFCT4, Bytes(e718532125946e8b1cd399907bff755ee42c61999ee90f356a45bc5afe460a17), -500000000000000000000000000000000]
   8: [Diagnostic Event] contract:CAAAAAAAAAAAAAAAAAAAAAAAAAAAAAAAAAAAAAAAAAAAAAAAAAAAK3IM, topics:[fn_return, get_i128], data:0
   9: [Diagnostic Event] contract:CAAAAAAAAAAAAAAAAAAAAAAAAAAAAAAAAAAAAAAAAAAAAAAAAAAAFCT4, topics:[fn_call, CAAAAAAAAAAAAAAAAAAAAAAAAAAAAAAAAAAAAAAAAAAAAAAAAAAAK3IM, get_i128], data:Bytes(31ff3a91ffb6505aadf5f208318e32abdee9c611fc6d08a43b7c11a71f508707)
   10: [Diagnostic Event] contract:CAAAAAAAAAAAAAAAAAAAAAAAAAAAAAAAAAAAAAAAAAAAAAAAAAAAK3IM, topics:[fn_return, get_u128], data:0
   11: [Diagnostic Event] contract:CAAAAAAAAAAAAAAAAAAAAAAAAAAAAAAAAAAAAAAAAAAAAAAAAAAAFCT4, topics:[fn_call, CAAAAAAAAAAAAAAAAAAAAAAAAAAAAAAAAAAAAAAAAAAAAAAAAAAAK3IM, get_u128], data:Bytes(ffe9923ee3d9dd2f01642ba9ba5ac92ffba66c19847a52443adcb7d377a691c8)
   12: [Diagnostic Event] contract:CAAAAAAAAAAAAAAAAAAAAAAAAAAAAAAAAAAAAAAAAAAAAAAAAAAAK3IM, topics:[fn_return, apply_delta_to_u128], data:100000002500
   13: [Diagnostic Event] contract:CAAAAAAAAAAAAAAAAAAAAAAAAAAAAAAAAAAAAAAAAAAAAAAAAAAAITA4, topics:[fn_return, has_role], data:true
   14: [Diagnostic Event] contract:CAAAAAAAAAAAAAAAAAAAAAAAAAAAAAAAAAAAAAAAAAAAAAAAAAAAK3IM, topics:[fn_call, CAAAAAAAAAAAAAAAAAAAAAAAAAAAAAAAAAAAAAAAAAAAAAAAAAAAITA4, has_role], data:[CAAAAAAAAAAAAAAAAAAAAAAAAAAAAAAAAAAAAAAAAAAAAAAAAAAAFCT4, Bytes(33bf87be601326e21a8a7f573f265a6b8ab0174b8c8ec58239c8e524e4587b6a)]
   15: [Diagnostic Event] contract:CAAAAAAAAAAAAAAAAAAAAAAAAAAAAAAAAAAAAAAAAAAAAAAAAAAAFCT4, topics:[fn_call, CAAAAAAAAAAAAAAAAAAAAAAAAAAAAAAAAAAAAAAAAAAAAAAAAAAAK3IM, apply_delta_to_u128], data:[CAAAAAAAAAAAAAAAAAAAAAAAAAAAAAAAAAAAAAAAAAAAAAAAAAAAFCT4, Bytes(3ff13a44d6b4851553feb395f144768d6a0009334ba30f51f714bd2a0c9ec523), 2500]
   16: [Diagnostic Event] contract:CAAAAAAAAAAAAAAAAAAAAAAAAAAAAAAAAAAAAAAAAAAAAAAAAAAAK3IM, topics:[fn_return, get_u128], data:1000000000000000000000000000
   17: [Diagnostic Event] contract:CAAAAAAAAAAAAAAAAAAAAAAAAAAAAAAAAAAAAAAAAAAAAAAAAAAAFCT4, topics:[fn_call, CAAAAAAAAAAAAAAAAAAAAAAAAAAAAAAAAAAAAAAAAAAAAAAAAAAAK3IM, get_u128], data:Bytes(7edfb46289d9b1804d012ffdf1566545b9aaf37c0f4d9e5ca582fd609109339d)
   18: [Diagnostic Event] contract:CAAAAAAAAAAAAAAAAAAAAAAAAAAAAAAAAAAAAAAAAAAAAAAAAAAAK3IM, topics:[fn_return, get_i128], data:0
   19: [Diagnostic Event] contract:CAAAAAAAAAAAAAAAAAAAAAAAAAAAAAAAAAAAAAAAAAAAAAAAAAAAFCT4, topics:[fn_call, CAAAAAAAAAAAAAAAAAAAAAAAAAAAAAAAAAAAAAAAAAAAAAAAAAAAK3IM, get_i128], data:Bytes(31ff3a91ffb6505aadf5f208318e32abdee9c611fc6d08a43b7c11a71f508707)
   20: [Diagnostic Event] contract:CAAAAAAAAAAAAAAAAAAAAAAAAAAAAAAAAAAAAAAAAAAAAAAAAAAAK3IM, topics:[fn_return, get_u128], data:0
   21: [Diagnostic Event] contract:CAAAAAAAAAAAAAAAAAAAAAAAAAAAAAAAAAAAAAAAAAAAAAAAAAAAFCT4, topics:[fn_call, CAAAAAAAAAAAAAAAAAAAAAAAAAAAAAAAAAAAAAAAAAAAAAAAAAAAK3IM, get_u128], data:Bytes(ffe9923ee3d9dd2f01642ba9ba5ac92ffba66c19847a52443adcb7d377a691c8)
   22: [Diagnostic Event] contract:CAAAAAAAAAAAAAAAAAAAAAAAAAAAAAAAAAAAAAAAAAAAAAAAAAAAK3IM, topics:[fn_return, get_u128], data:0
   23: [Diagnostic Event] contract:CAAAAAAAAAAAAAAAAAAAAAAAAAAAAAAAAAAAAAAAAAAAAAAAAAAAFCT4, topics:[fn_call, CAAAAAAAAAAAAAAAAAAAAAAAAAAAAAAAAAAAAAAAAAAAAAAAAAAAK3IM, get_u128], data:Bytes(b6a6ff184f0c97989a140dfbdc350c9ca471251416a7eaaef3403efee8807d83)
   24: [Diagnostic Event] contract:CAAAAAAAAAAAAAAAAAAAAAAAAAAAAAAAAAAAAAAAAAAAAAAAAAAAK3IM, topics:[fn_return, get_u128], data:0
   25: [Diagnostic Event] contract:CAAAAAAAAAAAAAAAAAAAAAAAAAAAAAAAAAAAAAAAAAAAAAAAAAAAFCT4, topics:[fn_call, CAAAAAAAAAAAAAAAAAAAAAAAAAAAAAAAAAAAAAAAAAAAAAAAAAAAK3IM, get_u128], data:Bytes(cec94e01c234c033dad0d95feac2161a9652faf3901c78a03ca0b638e35a9372)
   26: [Diagnostic Event] contract:CAAAAAAAAAAAAAAAAAAAAAAAAAAAAAAAAAAAAAAAAAAAAAAAAAAAK3IM, topics:[fn_return, get_u128], data:0
   27: [Diagnostic Event] contract:CAAAAAAAAAAAAAAAAAAAAAAAAAAAAAAAAAAAAAAAAAAAAAAAAAAAFCT4, topics:[fn_call, CAAAAAAAAAAAAAAAAAAAAAAAAAAAAAAAAAAAAAAAAAAAAAAAAAAAK3IM, get_u128], data:Bytes(f8e6823cb8892ec6f8828185446e17086598c32a47d5f128dbff081481990cc1)
   28: [Diagnostic Event] contract:CAAAAAAAAAAAAAAAAAAAAAAAAAAAAAAAAAAAAAAAAAAAAAAAAAAAK3IM, topics:[fn_return, get_u128], data:0
   29: [Diagnostic Event] contract:CAAAAAAAAAAAAAAAAAAAAAAAAAAAAAAAAAAAAAAAAAAAAAAAAAAAFCT4, topics:[fn_call, CAAAAAAAAAAAAAAAAAAAAAAAAAAAAAAAAAAAAAAAAAAAAAAAAAAAK3IM, get_u128], data:Bytes(57495ba1e687360f98582f7cd3ab3d0f58f9382d85f041ed16e7514b09cd01a6)
   30: [Diagnostic Event] contract:CAAAAAAAAAAAAAAAAAAAAAAAAAAAAAAAAAAAAAAAAAAAAAAAAAAAK3IM, topics:[fn_return, get_u128], data:0
   31: [Diagnostic Event] contract:CAAAAAAAAAAAAAAAAAAAAAAAAAAAAAAAAAAAAAAAAAAAAAAAAAAAFCT4, topics:[fn_call, CAAAAAAAAAAAAAAAAAAAAAAAAAAAAAAAAAAAAAAAAAAAAAAAAAAAK3IM, get_u128], data:Bytes(4e9e7ff03a33538f61e2b9f09efd20a10a25014f4ab27b52e1a8b00088a9ec9f)
   32: [Diagnostic Event] contract:CAAAAAAAAAAAAAAAAAAAAAAAAAAAAAAAAAAAAAAAAAAAAAAAAAAAK3IM, topics:[fn_return, get_u128], data:0
   33: [Diagnostic Event] contract:CAAAAAAAAAAAAAAAAAAAAAAAAAAAAAAAAAAAAAAAAAAAAAAAAAAAFCT4, topics:[fn_call, CAAAAAAAAAAAAAAAAAAAAAAAAAAAAAAAAAAAAAAAAAAAAAAAAAAAK3IM, get_u128], data:Bytes(33eeae0deb52791edbebb0453f8f7bf64896d5d9a0469d3b09c91cde7ce9d8c7)
   34: [Diagnostic Event] contract:CAAAAAAAAAAAAAAAAAAAAAAAAAAAAAAAAAAAAAAAAAAAAAAAAAAAK3IM, topics:[fn_return, get_u128], data:0
   35: [Diagnostic Event] contract:CAAAAAAAAAAAAAAAAAAAAAAAAAAAAAAAAAAAAAAAAAAAAAAAAAAAFCT4, topics:[fn_call, CAAAAAAAAAAAAAAAAAAAAAAAAAAAAAAAAAAAAAAAAAAAAAAAAAAAK3IM, get_u128], data:Bytes(7b56381209255afca5ff30427b0070917a38e66dde30937011874b36436aa500)
   36: [Diagnostic Event] contract:CAAAAAAAAAAAAAAAAAAAAAAAAAAAAAAAAAAAAAAAAAAAAAAAAAAAK3IM, topics:[fn_return, get_u128], data:0
   37: [Diagnostic Event] contract:CAAAAAAAAAAAAAAAAAAAAAAAAAAAAAAAAAAAAAAAAAAAAAAAAAAAFCT4, topics:[fn_call, CAAAAAAAAAAAAAAAAAAAAAAAAAAAAAAAAAAAAAAAAAAAAAAAAAAAK3IM, get_u128], data:Bytes(e718532125946e8b1cd399907bff755ee42c61999ee90f356a45bc5afe460a17)
   38: [Diagnostic Event] contract:CAAAAAAAAAAAAAAAAAAAAAAAAAAAAAAAAAAAAAAAAAAAAAAAAAAAK3IM, topics:[fn_return, get_i128], data:0
   39: [Diagnostic Event] contract:CAAAAAAAAAAAAAAAAAAAAAAAAAAAAAAAAAAAAAAAAAAAAAAAAAAAFCT4, topics:[fn_call, CAAAAAAAAAAAAAAAAAAAAAAAAAAAAAAAAAAAAAAAAAAAAAAAAAAAK3IM, get_i128], data:Bytes(31ff3a91ffb6505aadf5f208318e32abdee9c611fc6d08a43b7c11a71f508707)
   40: [Diagnostic Event] contract:CAAAAAAAAAAAAAAAAAAAAAAAAAAAAAAAAAAAAAAAAAAAAAAAAAAAK3IM, topics:[fn_return, get_i128], data:0
   41: [Diagnostic Event] contract:CAAAAAAAAAAAAAAAAAAAAAAAAAAAAAAAAAAAAAAAAAAAAAAAAAAAFCT4, topics:[fn_call, CAAAAAAAAAAAAAAAAAAAAAAAAAAAAAAAAAAAAAAAAAAAAAAAAAAAK3IM, get_i128], data:Bytes(2205da54dfd0060bbcd1227da0b1803d1f182879cdaef446dc3c2707b0274010)
   42: [Diagnostic Event] contract:CAAAAAAAAAAAAAAAAAAAAAAAAAAAAAAAAAAAAAAAAAAAAAAAAAAAK3IM, topics:[fn_return, get_i128], data:0
   43: [Diagnostic Event] contract:CAAAAAAAAAAAAAAAAAAAAAAAAAAAAAAAAAAAAAAAAAAAAAAAAAAAFCT4, topics:[fn_call, CAAAAAAAAAAAAAAAAAAAAAAAAAAAAAAAAAAAAAAAAAAAAAAAAAAAK3IM, get_i128], data:Bytes(31ff3a91ffb6505aadf5f208318e32abdee9c611fc6d08a43b7c11a71f508707)
   44: [Diagnostic Event] contract:CAAAAAAAAAAAAAAAAAAAAAAAAAAAAAAAAAAAAAAAAAAAAAAAAAAAK3IM, topics:[fn_return, get_i128], data:0
   45: [Diagnostic Event] contract:CAAAAAAAAAAAAAAAAAAAAAAAAAAAAAAAAAAAAAAAAAAAAAAAAAAAFCT4, topics:[fn_call, CAAAAAAAAAAAAAAAAAAAAAAAAAAAAAAAAAAAAAAAAAAAAAAAAAAAK3IM, get_i128], data:Bytes(2205da54dfd0060bbcd1227da0b1803d1f182879cdaef446dc3c2707b0274010)
   46: [Diagnostic Event] contract:CAAAAAAAAAAAAAAAAAAAAAAAAAAAAAAAAAAAAAAAAAAAAAAAAAAAK3IM, topics:[fn_return, get_i128], data:0
   47: [Diagnostic Event] contract:CAAAAAAAAAAAAAAAAAAAAAAAAAAAAAAAAAAAAAAAAAAAAAAAAAAAFCT4, topics:[fn_call, CAAAAAAAAAAAAAAAAAAAAAAAAAAAAAAAAAAAAAAAAAAAAAAAAAAAK3IM, get_i128], data:Bytes(31ff3a91ffb6505aadf5f208318e32abdee9c611fc6d08a43b7c11a71f508707)
   48: [Diagnostic Event] contract:CAAAAAAAAAAAAAAAAAAAAAAAAAAAAAAAAAAAAAAAAAAAAAAAAAAAK3IM, topics:[fn_return, set_u128], data:2000
   49: [Diagnostic Event] contract:CAAAAAAAAAAAAAAAAAAAAAAAAAAAAAAAAAAAAAAAAAAAAAAAAAAAITA4, topics:[fn_return, has_role], data:true
   50: [Diagnostic Event] contract:CAAAAAAAAAAAAAAAAAAAAAAAAAAAAAAAAAAAAAAAAAAAAAAAAAAAK3IM, topics:[fn_call, CAAAAAAAAAAAAAAAAAAAAAAAAAAAAAAAAAAAAAAAAAAAAAAAAAAAITA4, has_role], data:[CAAAAAAAAAAAAAAAAAAAAAAAAAAAAAAAAAAAAAAAAAAAAAAAAAAAFCT4, Bytes(33bf87be601326e21a8a7f573f265a6b8ab0174b8c8ec58239c8e524e4587b6a)]
   51: [Diagnostic Event] contract:CAAAAAAAAAAAAAAAAAAAAAAAAAAAAAAAAAAAAAAAAAAAAAAAAAAAFCT4, topics:[fn_call, CAAAAAAAAAAAAAAAAAAAAAAAAAAAAAAAAAAAAAAAAAAAAAAAAAAAK3IM, set_u128], data:[CAAAAAAAAAAAAAAAAAAAAAAAAAAAAAAAAAAAAAAAAAAAAAAAAAAAFCT4, Bytes(2f5911f5b750ad072dccf0e07b697e17fc7bde47b21d44f8c81e49b7b5243df4), 2000]
   52: [Diagnostic Event] contract:CAAAAAAAAAAAAAAAAAAAAAAAAAAAAAAAAAAAAAAAAAAAAAAAAAAAK3IM, topics:[fn_return, apply_delta_to_u128], data:0
   53: [Diagnostic Event] contract:CAAAAAAAAAAAAAAAAAAAAAAAAAAAAAAAAAAAAAAAAAAAAAAAAAAAITA4, topics:[fn_return, has_role], data:true
   54: [Diagnostic Event] contract:CAAAAAAAAAAAAAAAAAAAAAAAAAAAAAAAAAAAAAAAAAAAAAAAAAAAK3IM, topics:[fn_call, CAAAAAAAAAAAAAAAAAAAAAAAAAAAAAAAAAAAAAAAAAAAAAAAAAAAITA4, has_role], data:[CAAAAAAAAAAAAAAAAAAAAAAAAAAAAAAAAAAAAAAAAAAAAAAAAAAAFCT4, Bytes(33bf87be601326e21a8a7f573f265a6b8ab0174b8c8ec58239c8e524e4587b6a)]
   55: [Diagnostic Event] contract:CAAAAAAAAAAAAAAAAAAAAAAAAAAAAAAAAAAAAAAAAAAAAAAAAAAAFCT4, topics:[fn_call, CAAAAAAAAAAAAAAAAAAAAAAAAAAAAAAAAAAAAAAAAAAAAAAAAAAAK3IM, apply_delta_to_u128], data:[CAAAAAAAAAAAAAAAAAAAAAAAAAAAAAAAAAAAAAAAAAAAAAAAAAAAFCT4, Bytes(ffe9923ee3d9dd2f01642ba9ba5ac92ffba66c19847a52443adcb7d377a691c8), 0]
   56: [Diagnostic Event] contract:CAAAAAAAAAAAAAAAAAAAAAAAAAAAAAAAAAAAAAAAAAAAAAAAAAAAK3IM, topics:[fn_return, get_u128], data:0
   57: [Diagnostic Event] contract:CAAAAAAAAAAAAAAAAAAAAAAAAAAAAAAAAAAAAAAAAAAAAAAAAAAAFCT4, topics:[fn_call, CAAAAAAAAAAAAAAAAAAAAAAAAAAAAAAAAAAAAAAAAAAAAAAAAAAAK3IM, get_u128], data:Bytes(dd0e80b430c86f70f105cbec743f3ee3f73ffaf9d9c28f2b57da8cd7db627166)
   58: [Diagnostic Event] contract:CAAAAAAAAAAAAAAAAAAAAAAAAAAAAAAAAAAAAAAAAAAAAAAAAAAAK3IM, topics:[fn_return, get_u128], data:0
   59: [Diagnostic Event] contract:CAAAAAAAAAAAAAAAAAAAAAAAAAAAAAAAAAAAAAAAAAAAAAAAAAAAFCT4, topics:[fn_call, CAAAAAAAAAAAAAAAAAAAAAAAAAAAAAAAAAAAAAAAAAAAAAAAAAAAK3IM, get_u128], data:Bytes(b270ee4b4667c55852146a488cebb72ae8d8fd41785b5f48d3cb91970421b699)
   60: [Diagnostic Event] contract:CAAAAAAAAAAAAAAAAAAAAAAAAAAAAAAAAAAAAAAAAAAAAAAAAAAAK3IM, topics:[fn_return, get_u128], data:0
   61: [Diagnostic Event] contract:CAAAAAAAAAAAAAAAAAAAAAAAAAAAAAAAAAAAAAAAAAAAAAAAAAAAFCT4, topics:[fn_call, CAAAAAAAAAAAAAAAAAAAAAAAAAAAAAAAAAAAAAAAAAAAAAAAAAAAK3IM, get_u128], data:Bytes(7b56381209255afca5ff30427b0070917a38e66dde30937011874b36436aa500)
   62: [Diagnostic Event] contract:CAAAAAAAAAAAAAAAAAAAAAAAAAAAAAAAAAAAAAAAAAAAAAAAAAAAK3IM, topics:[fn_return, get_u128], data:0
   63: [Diagnostic Event] contract:CAAAAAAAAAAAAAAAAAAAAAAAAAAAAAAAAAAAAAAAAAAAAAAAAAAAFCT4, topics:[fn_call, CAAAAAAAAAAAAAAAAAAAAAAAAAAAAAAAAAAAAAAAAAAAAAAAAAAAK3IM, get_u128], data:Bytes(e718532125946e8b1cd399907bff755ee42c61999ee90f356a45bc5afe460a17)
   64: [Diagnostic Event] contract:CAAAAAAAAAAAAAAAAAAAAAAAAAAAAAAAAAAAAAAAAAAAAAAAAAAAK3IM, topics:[fn_return, get_u128], data:100000000000
   65: [Diagnostic Event] contract:CAAAAAAAAAAAAAAAAAAAAAAAAAAAAAAAAAAAAAAAAAAAAAAAAAAAFCT4, topics:[fn_call, CAAAAAAAAAAAAAAAAAAAAAAAAAAAAAAAAAAAAAAAAAAAAAAAAAAAK3IM, get_u128], data:Bytes(3ff13a44d6b4851553feb395f144768d6a0009334ba30f51f714bd2a0c9ec523)
   66: [Diagnostic Event] contract:CAAAAAAAAAAAAAAAAAAAAAAAAAAAAAAAAAAAAAAAAAAAAAAAAAAAK3IM, topics:[fn_return, get_u128], data:0
   67: [Diagnostic Event] contract:CAAAAAAAAAAAAAAAAAAAAAAAAAAAAAAAAAAAAAAAAAAAAAAAAAAAFCT4, topics:[fn_call, CAAAAAAAAAAAAAAAAAAAAAAAAAAAAAAAAAAAAAAAAAAAAAAAAAAAK3IM, get_u128], data:Bytes(2f5911f5b750ad072dccf0e07b697e17fc7bde47b21d44f8c81e49b7b5243df4)
   68: [Diagnostic Event] contract:CAAAAAAAAAAAAAAAAAAAAAAAAAAAAAAAAAAAAAAAAAAAAAAAAAAAK3IM, topics:[fn_return, apply_delta_to_i128], data:0
   69: [Diagnostic Event] contract:CAAAAAAAAAAAAAAAAAAAAAAAAAAAAAAAAAAAAAAAAAAAAAAAAAAAITA4, topics:[fn_return, has_role], data:true
   70: [Diagnostic Event] contract:CAAAAAAAAAAAAAAAAAAAAAAAAAAAAAAAAAAAAAAAAAAAAAAAAAAAK3IM, topics:[fn_call, CAAAAAAAAAAAAAAAAAAAAAAAAAAAAAAAAAAAAAAAAAAAAAAAAAAAITA4, has_role], data:[CAAAAAAAAAAAAAAAAAAAAAAAAAAAAAAAAAAAAAAAAAAAAAAAAAAAFCT4, Bytes(33bf87be601326e21a8a7f573f265a6b8ab0174b8c8ec58239c8e524e4587b6a)]
   71: [Diagnostic Event] contract:CAAAAAAAAAAAAAAAAAAAAAAAAAAAAAAAAAAAAAAAAAAAAAAAAAAAFCT4, topics:[fn_call, CAAAAAAAAAAAAAAAAAAAAAAAAAAAAAAAAAAAAAAAAAAAAAAAAAAAK3IM, apply_delta_to_i128], data:[CAAAAAAAAAAAAAAAAAAAAAAAAAAAAAAAAAAAAAAAAAAAAAAAAAAAFCT4, Bytes(8fbeddf8f6522db5012ca30db3905fa3e138e6b3d81053b0f5c2f31daad1b196), 0]
   72: [Diagnostic Event] contract:CAAAAAAAAAAAAAAAAAAAAAAAAAAAAAAAAAAAAAAAAAAAAAAAAAAAK3IM, topics:[fn_return, apply_delta_to_i128], data:0
   73: [Diagnostic Event] contract:CAAAAAAAAAAAAAAAAAAAAAAAAAAAAAAAAAAAAAAAAAAAAAAAAAAAITA4, topics:[fn_return, has_role], data:true
   74: [Diagnostic Event] contract:CAAAAAAAAAAAAAAAAAAAAAAAAAAAAAAAAAAAAAAAAAAAAAAAAAAAK3IM, topics:[fn_call, CAAAAAAAAAAAAAAAAAAAAAAAAAAAAAAAAAAAAAAAAAAAAAAAAAAAITA4, has_role], data:[CAAAAAAAAAAAAAAAAAAAAAAAAAAAAAAAAAAAAAAAAAAAAAAAAAAAFCT4, Bytes(33bf87be601326e21a8a7f573f265a6b8ab0174b8c8ec58239c8e524e4587b6a)]
   75: [Diagnostic Event] contract:CAAAAAAAAAAAAAAAAAAAAAAAAAAAAAAAAAAAAAAAAAAAAAAAAAAAFCT4, topics:[fn_call, CAAAAAAAAAAAAAAAAAAAAAAAAAAAAAAAAAAAAAAAAAAAAAAAAAAAK3IM, apply_delta_to_i128], data:[CAAAAAAAAAAAAAAAAAAAAAAAAAAAAAAAAAAAAAAAAAAAAAAAAAAAFCT4, Bytes(31ff3a91ffb6505aadf5f208318e32abdee9c611fc6d08a43b7c11a71f508707), 0]
   76: [Diagnostic Event] contract:CAAAAAAAAAAAAAAAAAAAAAAAAAAAAAAAAAAAAAAAAAAAAAAAAAAAK3IM, topics:[fn_return, get_u128], data:0
   77: [Diagnostic Event] contract:CAAAAAAAAAAAAAAAAAAAAAAAAAAAAAAAAAAAAAAAAAAAAAAAAAAAFCT4, topics:[fn_call, CAAAAAAAAAAAAAAAAAAAAAAAAAAAAAAAAAAAAAAAAAAAAAAAAAAAK3IM, get_u128], data:Bytes(4e9e7ff03a33538f61e2b9f09efd20a10a25014f4ab27b52e1a8b00088a9ec9f)
   78: [Diagnostic Event] contract:CAAAAAAAAAAAAAAAAAAAAAAAAAAAAAAAAAAAAAAAAAAAAAAAAAAAK3IM, topics:[fn_return, get_u128], data:0
   79: [Diagnostic Event] contract:CAAAAAAAAAAAAAAAAAAAAAAAAAAAAAAAAAAAAAAAAAAAAAAAAAAAFCT4, topics:[fn_call, CAAAAAAAAAAAAAAAAAAAAAAAAAAAAAAAAAAAAAAAAAAAAAAAAAAAK3IM, get_u128], data:Bytes(33eeae0deb52791edbebb0453f8f7bf64896d5d9a0469d3b09c91cde7ce9d8c7)
   80: [Diagnostic Event] contract:CAAAAAAAAAAAAAAAAAAAAAAAAAAAAAAAAAAAAAAAAAAAAAAAAAAAK3IM, topics:[fn_return, get_u128], data:0
   81: [Diagnostic Event] contract:CAAAAAAAAAAAAAAAAAAAAAAAAAAAAAAAAAAAAAAAAAAAAAAAAAAAFCT4, topics:[fn_call, CAAAAAAAAAAAAAAAAAAAAAAAAAAAAAAAAAAAAAAAAAAAAAAAAAAAK3IM, get_u128], data:Bytes(7b56381209255afca5ff30427b0070917a38e66dde30937011874b36436aa500)
   82: [Diagnostic Event] contract:CAAAAAAAAAAAAAAAAAAAAAAAAAAAAAAAAAAAAAAAAAAAAAAAAAAAK3IM, topics:[fn_return, get_u128], data:0
   83: [Diagnostic Event] contract:CAAAAAAAAAAAAAAAAAAAAAAAAAAAAAAAAAAAAAAAAAAAAAAAAAAAFCT4, topics:[fn_call, CAAAAAAAAAAAAAAAAAAAAAAAAAAAAAAAAAAAAAAAAAAAAAAAAAAAK3IM, get_u128], data:Bytes(e718532125946e8b1cd399907bff755ee42c61999ee90f356a45bc5afe460a17)
   84: [Diagnostic Event] contract:CAAAAAAAAAAAAAAAAAAAAAAAAAAAAAAAAAAAAAAAAAAAAAAAAAAAK3IM, topics:[fn_return, set_u128], data:2000
   85: [Diagnostic Event] contract:CAAAAAAAAAAAAAAAAAAAAAAAAAAAAAAAAAAAAAAAAAAAAAAAAAAAITA4, topics:[fn_return, has_role], data:true
   86: [Diagnostic Event] contract:CAAAAAAAAAAAAAAAAAAAAAAAAAAAAAAAAAAAAAAAAAAAAAAAAAAAK3IM, topics:[fn_call, CAAAAAAAAAAAAAAAAAAAAAAAAAAAAAAAAAAAAAAAAAAAAAAAAAAAITA4, has_role], data:[CAAAAAAAAAAAAAAAAAAAAAAAAAAAAAAAAAAAAAAAAAAAAAAAAAAAFCT4, Bytes(33bf87be601326e21a8a7f573f265a6b8ab0174b8c8ec58239c8e524e4587b6a)]
   87: [Diagnostic Event] contract:CAAAAAAAAAAAAAAAAAAAAAAAAAAAAAAAAAAAAAAAAAAAAAAAAAAAFCT4, topics:[fn_call, CAAAAAAAAAAAAAAAAAAAAAAAAAAAAAAAAAAAAAAAAAAAAAAAAAAAK3IM, set_u128], data:[CAAAAAAAAAAAAAAAAAAAAAAAAAAAAAAAAAAAAAAAAAAAAAAAAAAAFCT4, Bytes(99a6b0e2741ebb3f2240332c3c0a39b9a61a6cf7e33bbd3a001a71cb25f62001), 2000]
   88: [Diagnostic Event] contract:CAAAAAAAAAAAAAAAAAAAAAAAAAAAAAAAAAAAAAAAAAAAAAAAAAAAK3IM, topics:[fn_return, set_i128], data:0
   89: [Diagnostic Event] contract:CAAAAAAAAAAAAAAAAAAAAAAAAAAAAAAAAAAAAAAAAAAAAAAAAAAAITA4, topics:[fn_return, has_role], data:true
   90: [Diagnostic Event] contract:CAAAAAAAAAAAAAAAAAAAAAAAAAAAAAAAAAAAAAAAAAAAAAAAAAAAK3IM, topics:[fn_call, CAAAAAAAAAAAAAAAAAAAAAAAAAAAAAAAAAAAAAAAAAAAAAAAAAAAITA4, has_role], data:[CAAAAAAAAAAAAAAAAAAAAAAAAAAAAAAAAAAAAAAAAAAAAAAAAAAAFCT4, Bytes(33bf87be601326e21a8a7f573f265a6b8ab0174b8c8ec58239c8e524e4587b6a)]
   91: [Diagnostic Event] contract:CAAAAAAAAAAAAAAAAAAAAAAAAAAAAAAAAAAAAAAAAAAAAAAAAAAAFCT4, topics:[fn_call, CAAAAAAAAAAAAAAAAAAAAAAAAAAAAAAAAAAAAAAAAAAAAAAAAAAAK3IM, set_i128], data:[CAAAAAAAAAAAAAAAAAAAAAAAAAAAAAAAAAAAAAAAAAAAAAAAAAAAFCT4, Bytes(c9d14d2d146e0db1f92d9c6be60148ac8565db03fb8a987bf916a95d87a06207), 0]
   92: [Diagnostic Event] contract:CAAAAAAAAAAAAAAAAAAAAAAAAAAAAAAAAAAAAAAAAAAAAAAAAAAAK3IM, topics:[fn_return, get_u128], data:0
   93: [Diagnostic Event] contract:CAAAAAAAAAAAAAAAAAAAAAAAAAAAAAAAAAAAAAAAAAAAAAAAAAAAFCT4, topics:[fn_call, CAAAAAAAAAAAAAAAAAAAAAAAAAAAAAAAAAAAAAAAAAAAAAAAAAAAK3IM, get_u128], data:Bytes(4e9e7ff03a33538f61e2b9f09efd20a10a25014f4ab27b52e1a8b00088a9ec9f)
   94: [Diagnostic Event] contract:CAAAAAAAAAAAAAAAAAAAAAAAAAAAAAAAAAAAAAAAAAAAAAAAAAAAK3IM, topics:[fn_return, get_u128], data:0
   95: [Diagnostic Event] contract:CAAAAAAAAAAAAAAAAAAAAAAAAAAAAAAAAAAAAAAAAAAAAAAAAAAAFCT4, topics:[fn_call, CAAAAAAAAAAAAAAAAAAAAAAAAAAAAAAAAAAAAAAAAAAAAAAAAAAAK3IM, get_u128], data:Bytes(33eeae0deb52791edbebb0453f8f7bf64896d5d9a0469d3b09c91cde7ce9d8c7)
   96: [Diagnostic Event] contract:CAAAAAAAAAAAAAAAAAAAAAAAAAAAAAAAAAAAAAAAAAAAAAAAAAAAK3IM, topics:[fn_return, get_u128], data:0
   97: [Diagnostic Event] contract:CAAAAAAAAAAAAAAAAAAAAAAAAAAAAAAAAAAAAAAAAAAAAAAAAAAAFCT4, topics:[fn_call, CAAAAAAAAAAAAAAAAAAAAAAAAAAAAAAAAAAAAAAAAAAAAAAAAAAAK3IM, get_u128], data:Bytes(7b56381209255afca5ff30427b0070917a38e66dde30937011874b36436aa500)
   98: [Diagnostic Event] contract:CAAAAAAAAAAAAAAAAAAAAAAAAAAAAAAAAAAAAAAAAAAAAAAAAAAAK3IM, topics:[fn_return, get_u128], data:0
   99: [Diagnostic Event] contract:CAAAAAAAAAAAAAAAAAAAAAAAAAAAAAAAAAAAAAAAAAAAAAAAAAAAFCT4, topics:[fn_call, CAAAAAAAAAAAAAAAAAAAAAAAAAAAAAAAAAAAAAAAAAAAAAAAAAAAK3IM, get_u128], data:Bytes(e718532125946e8b1cd399907bff755ee42c61999ee90f356a45bc5afe460a17)
   100: [Diagnostic Event] contract:CAAAAAAAAAAAAAAAAAAAAAAAAAAAAAAAAAAAAAAAAAAAAAAAAAAAK3IM, topics:[fn_return, get_i128], data:0
   101: [Diagnostic Event] contract:CAAAAAAAAAAAAAAAAAAAAAAAAAAAAAAAAAAAAAAAAAAAAAAAAAAAFCT4, topics:[fn_call, CAAAAAAAAAAAAAAAAAAAAAAAAAAAAAAAAAAAAAAAAAAAAAAAAAAAK3IM, get_i128], data:Bytes(c9d14d2d146e0db1f92d9c6be60148ac8565db03fb8a987bf916a95d87a06207)
   102: [Diagnostic Event] contract:CAAAAAAAAAAAAAAAAAAAAAAAAAAAAAAAAAAAAAAAAAAAAAAAAAAAK3IM, topics:[fn_return, get_u128], data:0
   103: [Diagnostic Event] contract:CAAAAAAAAAAAAAAAAAAAAAAAAAAAAAAAAAAAAAAAAAAAAAAAAAAAFCT4, topics:[fn_call, CAAAAAAAAAAAAAAAAAAAAAAAAAAAAAAAAAAAAAAAAAAAAAAAAAAAK3IM, get_u128], data:Bytes(99a6b0e2741ebb3f2240332c3c0a39b9a61a6cf7e33bbd3a001a71cb25f62001)

Writing test snapshot file for test "tests::partial_close_position_fee_matches_formula" to "test_snapshots/tests/partial_close_position_fee_matches_formula.1.json".
Writing test snapshot file for test "tests::output_clamped_to_zero_on_loss_exceeding_collateral" to "test_snapshots/tests/output_clamped_to_zero_on_loss_exceeding_collateral.1.json".
Writing test snapshot file for test "tests::full_close_output_non_negative_and_fully_closed" to "test_snapshots/tests/full_close_output_non_negative_and_fully_closed.1.json".

thread 'tests::partial_close_residual_claimable_funding_is_correct' (1366642) panicked at /Users/rahmanlawal/.cargo/registry/src/index.crates.io-1949cf8c6b5b557f/soroban-env-host-25.0.1/src/host.rs:907:9:
HostError: Error(Contract, #4)

Event log (newest first):
   0: [Diagnostic Event] contract:CAAAAAAAAAAAAAAAAAAAAAAAAAAAAAAAAAAAAAAAAAAAAAAAAAAAFCT4, topics:[error, Error(Contract, #4)], data:"escalating error to panic"
   1: [Diagnostic Event] contract:CAAAAAAAAAAAAAAAAAAAAAAAAAAAAAAAAAAAAAAAAAAAAAAAAAAAFCT4, topics:[error, Error(Contract, #4)], data:["contract call failed", apply_delta_to_u128, [CAAAAAAAAAAAAAAAAAAAAAAAAAAAAAAAAAAAAAAAAAAAAAAAAAAAFCT4, Bytes(e718532125946e8b1cd399907bff755ee42c61999ee90f356a45bc5afe460a17), -500000000000000000000000000000000]]
   2: [Failed Diagnostic Event (not emitted)] contract:CAAAAAAAAAAAAAAAAAAAAAAAAAAAAAAAAAAAAAAAAAAAAAAAAAAAK3IM, topics:[error, Error(Contract, #4)], data:"caught error from function"
   3: [Failed Diagnostic Event (not emitted)] contract:CAAAAAAAAAAAAAAAAAAAAAAAAAAAAAAAAAAAAAAAAAAAAAAAAAAAK3IM, topics:[error, Error(Contract, #4)], data:"escalating error to panic"
   4: [Failed Diagnostic Event (not emitted)] contract:CAAAAAAAAAAAAAAAAAAAAAAAAAAAAAAAAAAAAAAAAAAAAAAAAAAAK3IM, topics:[error, Error(Contract, #4)], data:["failing with contract error", 4]
   5: [Failed Diagnostic Event (not emitted)] contract:CAAAAAAAAAAAAAAAAAAAAAAAAAAAAAAAAAAAAAAAAAAAAAAAAAAAITA4, topics:[fn_return, has_role], data:true
   6: [Failed Diagnostic Event (not emitted)] contract:CAAAAAAAAAAAAAAAAAAAAAAAAAAAAAAAAAAAAAAAAAAAAAAAAAAAK3IM, topics:[fn_call, CAAAAAAAAAAAAAAAAAAAAAAAAAAAAAAAAAAAAAAAAAAAAAAAAAAAITA4, has_role], data:[CAAAAAAAAAAAAAAAAAAAAAAAAAAAAAAAAAAAAAAAAAAAAAAAAAAAFCT4, Bytes(33bf87be601326e21a8a7f573f265a6b8ab0174b8c8ec58239c8e524e4587b6a)]
   7: [Diagnostic Event] contract:CAAAAAAAAAAAAAAAAAAAAAAAAAAAAAAAAAAAAAAAAAAAAAAAAAAAFCT4, topics:[fn_call, CAAAAAAAAAAAAAAAAAAAAAAAAAAAAAAAAAAAAAAAAAAAAAAAAAAAK3IM, apply_delta_to_u128], data:[CAAAAAAAAAAAAAAAAAAAAAAAAAAAAAAAAAAAAAAAAAAAAAAAAAAAFCT4, Bytes(e718532125946e8b1cd399907bff755ee42c61999ee90f356a45bc5afe460a17), -500000000000000000000000000000000]
   8: [Diagnostic Event] contract:CAAAAAAAAAAAAAAAAAAAAAAAAAAAAAAAAAAAAAAAAAAAAAAAAAAAK3IM, topics:[fn_return, get_i128], data:-10000000000000000000000000
   9: [Diagnostic Event] contract:CAAAAAAAAAAAAAAAAAAAAAAAAAAAAAAAAAAAAAAAAAAAAAAAAAAAFCT4, topics:[fn_call, CAAAAAAAAAAAAAAAAAAAAAAAAAAAAAAAAAAAAAAAAAAAAAAAAAAAK3IM, get_i128], data:Bytes(31ff3a91ffb6505aadf5f208318e32abdee9c611fc6d08a43b7c11a71f508707)
   10: [Diagnostic Event] contract:CAAAAAAAAAAAAAAAAAAAAAAAAAAAAAAAAAAAAAAAAAAAAAAAAAAAK3IM, topics:[fn_return, get_u128], data:0
   11: [Diagnostic Event] contract:CAAAAAAAAAAAAAAAAAAAAAAAAAAAAAAAAAAAAAAAAAAAAAAAAAAAFCT4, topics:[fn_call, CAAAAAAAAAAAAAAAAAAAAAAAAAAAAAAAAAAAAAAAAAAAAAAAAAAAK3IM, get_u128], data:Bytes(ffe9923ee3d9dd2f01642ba9ba5ac92ffba66c19847a52443adcb7d377a691c8)
   12: [Diagnostic Event] contract:CAAAAAAAAAAAAAAAAAAAAAAAAAAAAAAAAAAAAAAAAAAAAAAAAAAAK3IM, topics:[fn_return, apply_delta_to_u128], data:100000002500
   13: [Diagnostic Event] contract:CAAAAAAAAAAAAAAAAAAAAAAAAAAAAAAAAAAAAAAAAAAAAAAAAAAAITA4, topics:[fn_return, has_role], data:true
   14: [Diagnostic Event] contract:CAAAAAAAAAAAAAAAAAAAAAAAAAAAAAAAAAAAAAAAAAAAAAAAAAAAK3IM, topics:[fn_call, CAAAAAAAAAAAAAAAAAAAAAAAAAAAAAAAAAAAAAAAAAAAAAAAAAAAITA4, has_role], data:[CAAAAAAAAAAAAAAAAAAAAAAAAAAAAAAAAAAAAAAAAAAAAAAAAAAAFCT4, Bytes(33bf87be601326e21a8a7f573f265a6b8ab0174b8c8ec58239c8e524e4587b6a)]
   15: [Diagnostic Event] contract:CAAAAAAAAAAAAAAAAAAAAAAAAAAAAAAAAAAAAAAAAAAAAAAAAAAAFCT4, topics:[fn_call, CAAAAAAAAAAAAAAAAAAAAAAAAAAAAAAAAAAAAAAAAAAAAAAAAAAAK3IM, apply_delta_to_u128], data:[CAAAAAAAAAAAAAAAAAAAAAAAAAAAAAAAAAAAAAAAAAAAAAAAAAAAFCT4, Bytes(3ff13a44d6b4851553feb395f144768d6a0009334ba30f51f714bd2a0c9ec523), 2500]
   16: [Diagnostic Event] contract:CAAAAAAAAAAAAAAAAAAAAAAAAAAAAAAAAAAAAAAAAAAAAAAAAAAAK3IM, topics:[fn_return, get_u128], data:1000000000000000000000000000
   17: [Diagnostic Event] contract:CAAAAAAAAAAAAAAAAAAAAAAAAAAAAAAAAAAAAAAAAAAAAAAAAAAAFCT4, topics:[fn_call, CAAAAAAAAAAAAAAAAAAAAAAAAAAAAAAAAAAAAAAAAAAAAAAAAAAAK3IM, get_u128], data:Bytes(7edfb46289d9b1804d012ffdf1566545b9aaf37c0f4d9e5ca582fd609109339d)
   18: [Diagnostic Event] contract:CAAAAAAAAAAAAAAAAAAAAAAAAAAAAAAAAAAAAAAAAAAAAAAAAAAAK3IM, topics:[fn_return, get_i128], data:-10000000000000000000000000
   19: [Diagnostic Event] contract:CAAAAAAAAAAAAAAAAAAAAAAAAAAAAAAAAAAAAAAAAAAAAAAAAAAAFCT4, topics:[fn_call, CAAAAAAAAAAAAAAAAAAAAAAAAAAAAAAAAAAAAAAAAAAAAAAAAAAAK3IM, get_i128], data:Bytes(31ff3a91ffb6505aadf5f208318e32abdee9c611fc6d08a43b7c11a71f508707)
   20: [Diagnostic Event] contract:CAAAAAAAAAAAAAAAAAAAAAAAAAAAAAAAAAAAAAAAAAAAAAAAAAAAK3IM, topics:[fn_return, get_u128], data:0
   21: [Diagnostic Event] contract:CAAAAAAAAAAAAAAAAAAAAAAAAAAAAAAAAAAAAAAAAAAAAAAAAAAAFCT4, topics:[fn_call, CAAAAAAAAAAAAAAAAAAAAAAAAAAAAAAAAAAAAAAAAAAAAAAAAAAAK3IM, get_u128], data:Bytes(ffe9923ee3d9dd2f01642ba9ba5ac92ffba66c19847a52443adcb7d377a691c8)
   22: [Diagnostic Event] contract:CAAAAAAAAAAAAAAAAAAAAAAAAAAAAAAAAAAAAAAAAAAAAAAAAAAAK3IM, topics:[fn_return, get_u128], data:0
   23: [Diagnostic Event] contract:CAAAAAAAAAAAAAAAAAAAAAAAAAAAAAAAAAAAAAAAAAAAAAAAAAAAFCT4, topics:[fn_call, CAAAAAAAAAAAAAAAAAAAAAAAAAAAAAAAAAAAAAAAAAAAAAAAAAAAK3IM, get_u128], data:Bytes(b6a6ff184f0c97989a140dfbdc350c9ca471251416a7eaaef3403efee8807d83)
   24: [Diagnostic Event] contract:CAAAAAAAAAAAAAAAAAAAAAAAAAAAAAAAAAAAAAAAAAAAAAAAAAAAK3IM, topics:[fn_return, get_u128], data:0
   25: [Diagnostic Event] contract:CAAAAAAAAAAAAAAAAAAAAAAAAAAAAAAAAAAAAAAAAAAAAAAAAAAAFCT4, topics:[fn_call, CAAAAAAAAAAAAAAAAAAAAAAAAAAAAAAAAAAAAAAAAAAAAAAAAAAAK3IM, get_u128], data:Bytes(cec94e01c234c033dad0d95feac2161a9652faf3901c78a03ca0b638e35a9372)
   26: [Diagnostic Event] contract:CAAAAAAAAAAAAAAAAAAAAAAAAAAAAAAAAAAAAAAAAAAAAAAAAAAAK3IM, topics:[fn_return, get_u128], data:0
   27: [Diagnostic Event] contract:CAAAAAAAAAAAAAAAAAAAAAAAAAAAAAAAAAAAAAAAAAAAAAAAAAAAFCT4, topics:[fn_call, CAAAAAAAAAAAAAAAAAAAAAAAAAAAAAAAAAAAAAAAAAAAAAAAAAAAK3IM, get_u128], data:Bytes(f8e6823cb8892ec6f8828185446e17086598c32a47d5f128dbff081481990cc1)
   28: [Diagnostic Event] contract:CAAAAAAAAAAAAAAAAAAAAAAAAAAAAAAAAAAAAAAAAAAAAAAAAAAAK3IM, topics:[fn_return, get_u128], data:0
   29: [Diagnostic Event] contract:CAAAAAAAAAAAAAAAAAAAAAAAAAAAAAAAAAAAAAAAAAAAAAAAAAAAFCT4, topics:[fn_call, CAAAAAAAAAAAAAAAAAAAAAAAAAAAAAAAAAAAAAAAAAAAAAAAAAAAK3IM, get_u128], data:Bytes(57495ba1e687360f98582f7cd3ab3d0f58f9382d85f041ed16e7514b09cd01a6)
   30: [Diagnostic Event] contract:CAAAAAAAAAAAAAAAAAAAAAAAAAAAAAAAAAAAAAAAAAAAAAAAAAAAK3IM, topics:[fn_return, get_u128], data:0
   31: [Diagnostic Event] contract:CAAAAAAAAAAAAAAAAAAAAAAAAAAAAAAAAAAAAAAAAAAAAAAAAAAAFCT4, topics:[fn_call, CAAAAAAAAAAAAAAAAAAAAAAAAAAAAAAAAAAAAAAAAAAAAAAAAAAAK3IM, get_u128], data:Bytes(4e9e7ff03a33538f61e2b9f09efd20a10a25014f4ab27b52e1a8b00088a9ec9f)
   32: [Diagnostic Event] contract:CAAAAAAAAAAAAAAAAAAAAAAAAAAAAAAAAAAAAAAAAAAAAAAAAAAAK3IM, topics:[fn_return, get_u128], data:0
   33: [Diagnostic Event] contract:CAAAAAAAAAAAAAAAAAAAAAAAAAAAAAAAAAAAAAAAAAAAAAAAAAAAFCT4, topics:[fn_call, CAAAAAAAAAAAAAAAAAAAAAAAAAAAAAAAAAAAAAAAAAAAAAAAAAAAK3IM, get_u128], data:Bytes(33eeae0deb52791edbebb0453f8f7bf64896d5d9a0469d3b09c91cde7ce9d8c7)
   34: [Diagnostic Event] contract:CAAAAAAAAAAAAAAAAAAAAAAAAAAAAAAAAAAAAAAAAAAAAAAAAAAAK3IM, topics:[fn_return, get_u128], data:0
   35: [Diagnostic Event] contract:CAAAAAAAAAAAAAAAAAAAAAAAAAAAAAAAAAAAAAAAAAAAAAAAAAAAFCT4, topics:[fn_call, CAAAAAAAAAAAAAAAAAAAAAAAAAAAAAAAAAAAAAAAAAAAAAAAAAAAK3IM, get_u128], data:Bytes(7b56381209255afca5ff30427b0070917a38e66dde30937011874b36436aa500)
   36: [Diagnostic Event] contract:CAAAAAAAAAAAAAAAAAAAAAAAAAAAAAAAAAAAAAAAAAAAAAAAAAAAK3IM, topics:[fn_return, get_u128], data:0
   37: [Diagnostic Event] contract:CAAAAAAAAAAAAAAAAAAAAAAAAAAAAAAAAAAAAAAAAAAAAAAAAAAAFCT4, topics:[fn_call, CAAAAAAAAAAAAAAAAAAAAAAAAAAAAAAAAAAAAAAAAAAAAAAAAAAAK3IM, get_u128], data:Bytes(e718532125946e8b1cd399907bff755ee42c61999ee90f356a45bc5afe460a17)
   38: [Diagnostic Event] contract:CAAAAAAAAAAAAAAAAAAAAAAAAAAAAAAAAAAAAAAAAAAAAAAAAAAAK3IM, topics:[fn_return, get_i128], data:-10000000000000000000000000
   39: [Diagnostic Event] contract:CAAAAAAAAAAAAAAAAAAAAAAAAAAAAAAAAAAAAAAAAAAAAAAAAAAAFCT4, topics:[fn_call, CAAAAAAAAAAAAAAAAAAAAAAAAAAAAAAAAAAAAAAAAAAAAAAAAAAAK3IM, get_i128], data:Bytes(31ff3a91ffb6505aadf5f208318e32abdee9c611fc6d08a43b7c11a71f508707)
   40: [Diagnostic Event] contract:CAAAAAAAAAAAAAAAAAAAAAAAAAAAAAAAAAAAAAAAAAAAAAAAAAAAK3IM, topics:[fn_return, get_i128], data:0
   41: [Diagnostic Event] contract:CAAAAAAAAAAAAAAAAAAAAAAAAAAAAAAAAAAAAAAAAAAAAAAAAAAAFCT4, topics:[fn_call, CAAAAAAAAAAAAAAAAAAAAAAAAAAAAAAAAAAAAAAAAAAAAAAAAAAAK3IM, get_i128], data:Bytes(2205da54dfd0060bbcd1227da0b1803d1f182879cdaef446dc3c2707b0274010)
   42: [Diagnostic Event] contract:CAAAAAAAAAAAAAAAAAAAAAAAAAAAAAAAAAAAAAAAAAAAAAAAAAAAK3IM, topics:[fn_return, get_i128], data:-10000000000000000000000000
   43: [Diagnostic Event] contract:CAAAAAAAAAAAAAAAAAAAAAAAAAAAAAAAAAAAAAAAAAAAAAAAAAAAFCT4, topics:[fn_call, CAAAAAAAAAAAAAAAAAAAAAAAAAAAAAAAAAAAAAAAAAAAAAAAAAAAK3IM, get_i128], data:Bytes(31ff3a91ffb6505aadf5f208318e32abdee9c611fc6d08a43b7c11a71f508707)
   44: [Diagnostic Event] contract:CAAAAAAAAAAAAAAAAAAAAAAAAAAAAAAAAAAAAAAAAAAAAAAAAAAAK3IM, topics:[fn_return, get_i128], data:0
   45: [Diagnostic Event] contract:CAAAAAAAAAAAAAAAAAAAAAAAAAAAAAAAAAAAAAAAAAAAAAAAAAAAFCT4, topics:[fn_call, CAAAAAAAAAAAAAAAAAAAAAAAAAAAAAAAAAAAAAAAAAAAAAAAAAAAK3IM, get_i128], data:Bytes(2205da54dfd0060bbcd1227da0b1803d1f182879cdaef446dc3c2707b0274010)
   46: [Diagnostic Event] contract:CAAAAAAAAAAAAAAAAAAAAAAAAAAAAAAAAAAAAAAAAAAAAAAAAAAAK3IM, topics:[fn_return, apply_delta_to_u128], data:10000000000000000000000000000
   47: [Diagnostic Event] contract:CAAAAAAAAAAAAAAAAAAAAAAAAAAAAAAAAAAAAAAAAAAAAAAAAAAAITA4, topics:[fn_return, has_role], data:true
   48: [Diagnostic Event] contract:CAAAAAAAAAAAAAAAAAAAAAAAAAAAAAAAAAAAAAAAAAAAAAAAAAAAK3IM, topics:[fn_call, CAAAAAAAAAAAAAAAAAAAAAAAAAAAAAAAAAAAAAAAAAAAAAAAAAAAITA4, has_role], data:[CAAAAAAAAAAAAAAAAAAAAAAAAAAAAAAAAAAAAAAAAAAAAAAAAAAAFCT4, Bytes(33bf87be601326e21a8a7f573f265a6b8ab0174b8c8ec58239c8e524e4587b6a)]
   49: [Diagnostic Event] contract:CAAAAAAAAAAAAAAAAAAAAAAAAAAAAAAAAAAAAAAAAAAAAAAAAAAAFCT4, topics:[fn_call, CAAAAAAAAAAAAAAAAAAAAAAAAAAAAAAAAAAAAAAAAAAAAAAAAAAAK3IM, apply_delta_to_u128], data:[CAAAAAAAAAAAAAAAAAAAAAAAAAAAAAAAAAAAAAAAAAAAAAAAAAAAFCT4, Bytes(c6a801c605c4f991367f4b1902365a78a9be4d21c3ee2a40d59a121001045f5e), 10000000000000000000000000000]
   50: [Diagnostic Event] contract:CAAAAAAAAAAAAAAAAAAAAAAAAAAAAAAAAAAAAAAAAAAAAAAAAAAAK3IM, topics:[fn_return, get_i128], data:-10000000000000000000000000
   51: [Diagnostic Event] contract:CAAAAAAAAAAAAAAAAAAAAAAAAAAAAAAAAAAAAAAAAAAAAAAAAAAAFCT4, topics:[fn_call, CAAAAAAAAAAAAAAAAAAAAAAAAAAAAAAAAAAAAAAAAAAAAAAAAAAAK3IM, get_i128], data:Bytes(31ff3a91ffb6505aadf5f208318e32abdee9c611fc6d08a43b7c11a71f508707)
   52: [Diagnostic Event] contract:CAAAAAAAAAAAAAAAAAAAAAAAAAAAAAAAAAAAAAAAAAAAAAAAAAAAK3IM, topics:[fn_return, set_u128], data:2000
   53: [Diagnostic Event] contract:CAAAAAAAAAAAAAAAAAAAAAAAAAAAAAAAAAAAAAAAAAAAAAAAAAAAITA4, topics:[fn_return, has_role], data:true
   54: [Diagnostic Event] contract:CAAAAAAAAAAAAAAAAAAAAAAAAAAAAAAAAAAAAAAAAAAAAAAAAAAAK3IM, topics:[fn_call, CAAAAAAAAAAAAAAAAAAAAAAAAAAAAAAAAAAAAAAAAAAAAAAAAAAAITA4, has_role], data:[CAAAAAAAAAAAAAAAAAAAAAAAAAAAAAAAAAAAAAAAAAAAAAAAAAAAFCT4, Bytes(33bf87be601326e21a8a7f573f265a6b8ab0174b8c8ec58239c8e524e4587b6a)]
   55: [Diagnostic Event] contract:CAAAAAAAAAAAAAAAAAAAAAAAAAAAAAAAAAAAAAAAAAAAAAAAAAAAFCT4, topics:[fn_call, CAAAAAAAAAAAAAAAAAAAAAAAAAAAAAAAAAAAAAAAAAAAAAAAAAAAK3IM, set_u128], data:[CAAAAAAAAAAAAAAAAAAAAAAAAAAAAAAAAAAAAAAAAAAAAAAAAAAAFCT4, Bytes(2f5911f5b750ad072dccf0e07b697e17fc7bde47b21d44f8c81e49b7b5243df4), 2000]
   56: [Diagnostic Event] contract:CAAAAAAAAAAAAAAAAAAAAAAAAAAAAAAAAAAAAAAAAAAAAAAAAAAAK3IM, topics:[fn_return, apply_delta_to_u128], data:0
   57: [Diagnostic Event] contract:CAAAAAAAAAAAAAAAAAAAAAAAAAAAAAAAAAAAAAAAAAAAAAAAAAAAITA4, topics:[fn_return, has_role], data:true
   58: [Diagnostic Event] contract:CAAAAAAAAAAAAAAAAAAAAAAAAAAAAAAAAAAAAAAAAAAAAAAAAAAAK3IM, topics:[fn_call, CAAAAAAAAAAAAAAAAAAAAAAAAAAAAAAAAAAAAAAAAAAAAAAAAAAAITA4, has_role], data:[CAAAAAAAAAAAAAAAAAAAAAAAAAAAAAAAAAAAAAAAAAAAAAAAAAAAFCT4, Bytes(33bf87be601326e21a8a7f573f265a6b8ab0174b8c8ec58239c8e524e4587b6a)]
   59: [Diagnostic Event] contract:CAAAAAAAAAAAAAAAAAAAAAAAAAAAAAAAAAAAAAAAAAAAAAAAAAAAFCT4, topics:[fn_call, CAAAAAAAAAAAAAAAAAAAAAAAAAAAAAAAAAAAAAAAAAAAAAAAAAAAK3IM, apply_delta_to_u128], data:[CAAAAAAAAAAAAAAAAAAAAAAAAAAAAAAAAAAAAAAAAAAAAAAAAAAAFCT4, Bytes(ffe9923ee3d9dd2f01642ba9ba5ac92ffba66c19847a52443adcb7d377a691c8), 0]
   60: [Diagnostic Event] contract:CAAAAAAAAAAAAAAAAAAAAAAAAAAAAAAAAAAAAAAAAAAAAAAAAAAAK3IM, topics:[fn_return, get_u128], data:0
   61: [Diagnostic Event] contract:CAAAAAAAAAAAAAAAAAAAAAAAAAAAAAAAAAAAAAAAAAAAAAAAAAAAFCT4, topics:[fn_call, CAAAAAAAAAAAAAAAAAAAAAAAAAAAAAAAAAAAAAAAAAAAAAAAAAAAK3IM, get_u128], data:Bytes(dd0e80b430c86f70f105cbec743f3ee3f73ffaf9d9c28f2b57da8cd7db627166)
   62: [Diagnostic Event] contract:CAAAAAAAAAAAAAAAAAAAAAAAAAAAAAAAAAAAAAAAAAAAAAAAAAAAK3IM, topics:[fn_return, get_u128], data:0
   63: [Diagnostic Event] contract:CAAAAAAAAAAAAAAAAAAAAAAAAAAAAAAAAAAAAAAAAAAAAAAAAAAAFCT4, topics:[fn_call, CAAAAAAAAAAAAAAAAAAAAAAAAAAAAAAAAAAAAAAAAAAAAAAAAAAAK3IM, get_u128], data:Bytes(b270ee4b4667c55852146a488cebb72ae8d8fd41785b5f48d3cb91970421b699)
   64: [Diagnostic Event] contract:CAAAAAAAAAAAAAAAAAAAAAAAAAAAAAAAAAAAAAAAAAAAAAAAAAAAK3IM, topics:[fn_return, get_u128], data:0
   65: [Diagnostic Event] contract:CAAAAAAAAAAAAAAAAAAAAAAAAAAAAAAAAAAAAAAAAAAAAAAAAAAAFCT4, topics:[fn_call, CAAAAAAAAAAAAAAAAAAAAAAAAAAAAAAAAAAAAAAAAAAAAAAAAAAAK3IM, get_u128], data:Bytes(7b56381209255afca5ff30427b0070917a38e66dde30937011874b36436aa500)
   66: [Diagnostic Event] contract:CAAAAAAAAAAAAAAAAAAAAAAAAAAAAAAAAAAAAAAAAAAAAAAAAAAAK3IM, topics:[fn_return, get_u128], data:0
   67: [Diagnostic Event] contract:CAAAAAAAAAAAAAAAAAAAAAAAAAAAAAAAAAAAAAAAAAAAAAAAAAAAFCT4, topics:[fn_call, CAAAAAAAAAAAAAAAAAAAAAAAAAAAAAAAAAAAAAAAAAAAAAAAAAAAK3IM, get_u128], data:Bytes(e718532125946e8b1cd399907bff755ee42c61999ee90f356a45bc5afe460a17)
   68: [Diagnostic Event] contract:CAAAAAAAAAAAAAAAAAAAAAAAAAAAAAAAAAAAAAAAAAAAAAAAAAAAK3IM, topics:[fn_return, get_u128], data:100000000000
   69: [Diagnostic Event] contract:CAAAAAAAAAAAAAAAAAAAAAAAAAAAAAAAAAAAAAAAAAAAAAAAAAAAFCT4, topics:[fn_call, CAAAAAAAAAAAAAAAAAAAAAAAAAAAAAAAAAAAAAAAAAAAAAAAAAAAK3IM, get_u128], data:Bytes(3ff13a44d6b4851553feb395f144768d6a0009334ba30f51f714bd2a0c9ec523)
   70: [Diagnostic Event] contract:CAAAAAAAAAAAAAAAAAAAAAAAAAAAAAAAAAAAAAAAAAAAAAAAAAAAK3IM, topics:[fn_return, get_u128], data:0
   71: [Diagnostic Event] contract:CAAAAAAAAAAAAAAAAAAAAAAAAAAAAAAAAAAAAAAAAAAAAAAAAAAAFCT4, topics:[fn_call, CAAAAAAAAAAAAAAAAAAAAAAAAAAAAAAAAAAAAAAAAAAAAAAAAAAAK3IM, get_u128], data:Bytes(2f5911f5b750ad072dccf0e07b697e17fc7bde47b21d44f8c81e49b7b5243df4)
   72: [Diagnostic Event] contract:CAAAAAAAAAAAAAAAAAAAAAAAAAAAAAAAAAAAAAAAAAAAAAAAAAAAK3IM, topics:[fn_return, apply_delta_to_i128], data:0
   73: [Diagnostic Event] contract:CAAAAAAAAAAAAAAAAAAAAAAAAAAAAAAAAAAAAAAAAAAAAAAAAAAAITA4, topics:[fn_return, has_role], data:true
   74: [Diagnostic Event] contract:CAAAAAAAAAAAAAAAAAAAAAAAAAAAAAAAAAAAAAAAAAAAAAAAAAAAK3IM, topics:[fn_call, CAAAAAAAAAAAAAAAAAAAAAAAAAAAAAAAAAAAAAAAAAAAAAAAAAAAITA4, has_role], data:[CAAAAAAAAAAAAAAAAAAAAAAAAAAAAAAAAAAAAAAAAAAAAAAAAAAAFCT4, Bytes(33bf87be601326e21a8a7f573f265a6b8ab0174b8c8ec58239c8e524e4587b6a)]
   75: [Diagnostic Event] contract:CAAAAAAAAAAAAAAAAAAAAAAAAAAAAAAAAAAAAAAAAAAAAAAAAAAAFCT4, topics:[fn_call, CAAAAAAAAAAAAAAAAAAAAAAAAAAAAAAAAAAAAAAAAAAAAAAAAAAAK3IM, apply_delta_to_i128], data:[CAAAAAAAAAAAAAAAAAAAAAAAAAAAAAAAAAAAAAAAAAAAAAAAAAAAFCT4, Bytes(8fbeddf8f6522db5012ca30db3905fa3e138e6b3d81053b0f5c2f31daad1b196), 0]
   76: [Diagnostic Event] contract:CAAAAAAAAAAAAAAAAAAAAAAAAAAAAAAAAAAAAAAAAAAAAAAAAAAAK3IM, topics:[fn_return, apply_delta_to_i128], data:-10000000000000000000000000
   77: [Diagnostic Event] contract:CAAAAAAAAAAAAAAAAAAAAAAAAAAAAAAAAAAAAAAAAAAAAAAAAAAAITA4, topics:[fn_return, has_role], data:true
   78: [Diagnostic Event] contract:CAAAAAAAAAAAAAAAAAAAAAAAAAAAAAAAAAAAAAAAAAAAAAAAAAAAK3IM, topics:[fn_call, CAAAAAAAAAAAAAAAAAAAAAAAAAAAAAAAAAAAAAAAAAAAAAAAAAAAITA4, has_role], data:[CAAAAAAAAAAAAAAAAAAAAAAAAAAAAAAAAAAAAAAAAAAAAAAAAAAAFCT4, Bytes(33bf87be601326e21a8a7f573f265a6b8ab0174b8c8ec58239c8e524e4587b6a)]
   79: [Diagnostic Event] contract:CAAAAAAAAAAAAAAAAAAAAAAAAAAAAAAAAAAAAAAAAAAAAAAAAAAAFCT4, topics:[fn_call, CAAAAAAAAAAAAAAAAAAAAAAAAAAAAAAAAAAAAAAAAAAAAAAAAAAAK3IM, apply_delta_to_i128], data:[CAAAAAAAAAAAAAAAAAAAAAAAAAAAAAAAAAAAAAAAAAAAAAAAAAAAFCT4, Bytes(31ff3a91ffb6505aadf5f208318e32abdee9c611fc6d08a43b7c11a71f508707), 0]
   80: [Diagnostic Event] contract:CAAAAAAAAAAAAAAAAAAAAAAAAAAAAAAAAAAAAAAAAAAAAAAAAAAAK3IM, topics:[fn_return, get_u128], data:0
   81: [Diagnostic Event] contract:CAAAAAAAAAAAAAAAAAAAAAAAAAAAAAAAAAAAAAAAAAAAAAAAAAAAFCT4, topics:[fn_call, CAAAAAAAAAAAAAAAAAAAAAAAAAAAAAAAAAAAAAAAAAAAAAAAAAAAK3IM, get_u128], data:Bytes(4e9e7ff03a33538f61e2b9f09efd20a10a25014f4ab27b52e1a8b00088a9ec9f)
   82: [Diagnostic Event] contract:CAAAAAAAAAAAAAAAAAAAAAAAAAAAAAAAAAAAAAAAAAAAAAAAAAAAK3IM, topics:[fn_return, get_u128], data:0
   83: [Diagnostic Event] contract:CAAAAAAAAAAAAAAAAAAAAAAAAAAAAAAAAAAAAAAAAAAAAAAAAAAAFCT4, topics:[fn_call, CAAAAAAAAAAAAAAAAAAAAAAAAAAAAAAAAAAAAAAAAAAAAAAAAAAAK3IM, get_u128], data:Bytes(33eeae0deb52791edbebb0453f8f7bf64896d5d9a0469d3b09c91cde7ce9d8c7)
   84: [Diagnostic Event] contract:CAAAAAAAAAAAAAAAAAAAAAAAAAAAAAAAAAAAAAAAAAAAAAAAAAAAK3IM, topics:[fn_return, get_u128], data:0
   85: [Diagnostic Event] contract:CAAAAAAAAAAAAAAAAAAAAAAAAAAAAAAAAAAAAAAAAAAAAAAAAAAAFCT4, topics:[fn_call, CAAAAAAAAAAAAAAAAAAAAAAAAAAAAAAAAAAAAAAAAAAAAAAAAAAAK3IM, get_u128], data:Bytes(7b56381209255afca5ff30427b0070917a38e66dde30937011874b36436aa500)
   86: [Diagnostic Event] contract:CAAAAAAAAAAAAAAAAAAAAAAAAAAAAAAAAAAAAAAAAAAAAAAAAAAAK3IM, topics:[fn_return, get_u128], data:0
   87: [Diagnostic Event] contract:CAAAAAAAAAAAAAAAAAAAAAAAAAAAAAAAAAAAAAAAAAAAAAAAAAAAFCT4, topics:[fn_call, CAAAAAAAAAAAAAAAAAAAAAAAAAAAAAAAAAAAAAAAAAAAAAAAAAAAK3IM, get_u128], data:Bytes(e718532125946e8b1cd399907bff755ee42c61999ee90f356a45bc5afe460a17)
   88: [Diagnostic Event] contract:CAAAAAAAAAAAAAAAAAAAAAAAAAAAAAAAAAAAAAAAAAAAAAAAAAAAK3IM, topics:[fn_return, set_u128], data:2000
   89: [Diagnostic Event] contract:CAAAAAAAAAAAAAAAAAAAAAAAAAAAAAAAAAAAAAAAAAAAAAAAAAAAITA4, topics:[fn_return, has_role], data:true
   90: [Diagnostic Event] contract:CAAAAAAAAAAAAAAAAAAAAAAAAAAAAAAAAAAAAAAAAAAAAAAAAAAAK3IM, topics:[fn_call, CAAAAAAAAAAAAAAAAAAAAAAAAAAAAAAAAAAAAAAAAAAAAAAAAAAAITA4, has_role], data:[CAAAAAAAAAAAAAAAAAAAAAAAAAAAAAAAAAAAAAAAAAAAAAAAAAAAFCT4, Bytes(33bf87be601326e21a8a7f573f265a6b8ab0174b8c8ec58239c8e524e4587b6a)]
   91: [Diagnostic Event] contract:CAAAAAAAAAAAAAAAAAAAAAAAAAAAAAAAAAAAAAAAAAAAAAAAAAAAFCT4, topics:[fn_call, CAAAAAAAAAAAAAAAAAAAAAAAAAAAAAAAAAAAAAAAAAAAAAAAAAAAK3IM, set_u128], data:[CAAAAAAAAAAAAAAAAAAAAAAAAAAAAAAAAAAAAAAAAAAAAAAAAAAAFCT4, Bytes(99a6b0e2741ebb3f2240332c3c0a39b9a61a6cf7e33bbd3a001a71cb25f62001), 2000]
   92: [Diagnostic Event] contract:CAAAAAAAAAAAAAAAAAAAAAAAAAAAAAAAAAAAAAAAAAAAAAAAAAAAK3IM, topics:[fn_return, set_i128], data:0
   93: [Diagnostic Event] contract:CAAAAAAAAAAAAAAAAAAAAAAAAAAAAAAAAAAAAAAAAAAAAAAAAAAAITA4, topics:[fn_return, has_role], data:true
   94: [Diagnostic Event] contract:CAAAAAAAAAAAAAAAAAAAAAAAAAAAAAAAAAAAAAAAAAAAAAAAAAAAK3IM, topics:[fn_call, CAAAAAAAAAAAAAAAAAAAAAAAAAAAAAAAAAAAAAAAAAAAAAAAAAAAITA4, has_role], data:[CAAAAAAAAAAAAAAAAAAAAAAAAAAAAAAAAAAAAAAAAAAAAAAAAAAAFCT4, Bytes(33bf87be601326e21a8a7f573f265a6b8ab0174b8c8ec58239c8e524e4587b6a)]
   95: [Diagnostic Event] contract:CAAAAAAAAAAAAAAAAAAAAAAAAAAAAAAAAAAAAAAAAAAAAAAAAAAAFCT4, topics:[fn_call, CAAAAAAAAAAAAAAAAAAAAAAAAAAAAAAAAAAAAAAAAAAAAAAAAAAAK3IM, set_i128], data:[CAAAAAAAAAAAAAAAAAAAAAAAAAAAAAAAAAAAAAAAAAAAAAAAAAAAFCT4, Bytes(c9d14d2d146e0db1f92d9c6be60148ac8565db03fb8a987bf916a95d87a06207), 0]
   96: [Diagnostic Event] contract:CAAAAAAAAAAAAAAAAAAAAAAAAAAAAAAAAAAAAAAAAAAAAAAAAAAAK3IM, topics:[fn_return, get_u128], data:0
   97: [Diagnostic Event] contract:CAAAAAAAAAAAAAAAAAAAAAAAAAAAAAAAAAAAAAAAAAAAAAAAAAAAFCT4, topics:[fn_call, CAAAAAAAAAAAAAAAAAAAAAAAAAAAAAAAAAAAAAAAAAAAAAAAAAAAK3IM, get_u128], data:Bytes(4e9e7ff03a33538f61e2b9f09efd20a10a25014f4ab27b52e1a8b00088a9ec9f)
   98: [Diagnostic Event] contract:CAAAAAAAAAAAAAAAAAAAAAAAAAAAAAAAAAAAAAAAAAAAAAAAAAAAK3IM, topics:[fn_return, get_u128], data:0
   99: [Diagnostic Event] contract:CAAAAAAAAAAAAAAAAAAAAAAAAAAAAAAAAAAAAAAAAAAAAAAAAAAAFCT4, topics:[fn_call, CAAAAAAAAAAAAAAAAAAAAAAAAAAAAAAAAAAAAAAAAAAAAAAAAAAAK3IM, get_u128], data:Bytes(33eeae0deb52791edbebb0453f8f7bf64896d5d9a0469d3b09c91cde7ce9d8c7)
   100: [Diagnostic Event] contract:CAAAAAAAAAAAAAAAAAAAAAAAAAAAAAAAAAAAAAAAAAAAAAAAAAAAK3IM, topics:[fn_return, get_u128], data:0
   101: [Diagnostic Event] contract:CAAAAAAAAAAAAAAAAAAAAAAAAAAAAAAAAAAAAAAAAAAAAAAAAAAAFCT4, topics:[fn_call, CAAAAAAAAAAAAAAAAAAAAAAAAAAAAAAAAAAAAAAAAAAAAAAAAAAAK3IM, get_u128], data:Bytes(7b56381209255afca5ff30427b0070917a38e66dde30937011874b36436aa500)
   102: [Diagnostic Event] contract:CAAAAAAAAAAAAAAAAAAAAAAAAAAAAAAAAAAAAAAAAAAAAAAAAAAAK3IM, topics:[fn_return, get_u128], data:0
   103: [Diagnostic Event] contract:CAAAAAAAAAAAAAAAAAAAAAAAAAAAAAAAAAAAAAAAAAAAAAAAAAAAFCT4, topics:[fn_call, CAAAAAAAAAAAAAAAAAAAAAAAAAAAAAAAAAAAAAAAAAAAAAAAAAAAK3IM, get_u128], data:Bytes(e718532125946e8b1cd399907bff755ee42c61999ee90f356a45bc5afe460a17)
   104: [Diagnostic Event] contract:CAAAAAAAAAAAAAAAAAAAAAAAAAAAAAAAAAAAAAAAAAAAAAAAAAAAK3IM, topics:[fn_return, get_i128], data:0
   105: [Diagnostic Event] contract:CAAAAAAAAAAAAAAAAAAAAAAAAAAAAAAAAAAAAAAAAAAAAAAAAAAAFCT4, topics:[fn_call, CAAAAAAAAAAAAAAAAAAAAAAAAAAAAAAAAAAAAAAAAAAAAAAAAAAAK3IM, get_i128], data:Bytes(c9d14d2d146e0db1f92d9c6be60148ac8565db03fb8a987bf916a95d87a06207)
   106: [Diagnostic Event] contract:CAAAAAAAAAAAAAAAAAAAAAAAAAAAAAAAAAAAAAAAAAAAAAAAAAAAK3IM, topics:[fn_return, get_u128], data:0
   107: [Diagnostic Event] contract:CAAAAAAAAAAAAAAAAAAAAAAAAAAAAAAAAAAAAAAAAAAAAAAAAAAAFCT4, topics:[fn_call, CAAAAAAAAAAAAAAAAAAAAAAAAAAAAAAAAAAAAAAAAAAAAAAAAAAAK3IM, get_u128], data:Bytes(99a6b0e2741ebb3f2240332c3c0a39b9a61a6cf7e33bbd3a001a71cb25f62001)

Writing test snapshot file for test "tests::partial_close_residual_claimable_funding_is_correct" to "test_snapshots/tests/partial_close_residual_claimable_funding_is_correct.1.json".
test tests::partial_close_position_fee_matches_formula ... FAILED
test tests::full_close_output_non_negative_and_fully_closed ... FAILED
test tests::output_clamped_to_zero_on_loss_exceeding_collateral ... FAILED
test tests::partial_close_residual_claimable_funding_is_correct ... FAILED

failures:

failures:
    tests::full_close_output_non_negative_and_fully_closed
    tests::output_clamped_to_zero_on_loss_exceeding_collateral
    tests::partial_close_position_fee_matches_formula
    tests::partial_close_residual_claimable_funding_is_correct

test result: FAILED. 0 passed; 4 failed; 0 ignored; 0 measured; 0 filtered out; finished in 0.52s

error: test failed, to rerun pass `-p gmx-decrease-position-utils --lib`
